../Core/Src/main.c:83:5:main	16	static
../Core/Src/main.c:147:6:SystemClock_Config	88	static
../Core/Src/main.c:194:13:MX_ADC1_Init	24	static
../Core/Src/main.c:241:13:MX_I2C1_Init	8	static
../Core/Src/main.c:275:13:MX_I2C2_Init	8	static
../Core/Src/main.c:309:13:MX_SPI2_Init	8	static
../Core/Src/main.c:347:13:MX_TIM1_Init	96	static
../Core/Src/main.c:421:13:MX_TIM2_Init	64	static
../Core/Src/main.c:479:13:MX_TIM3_Init	32	static
../Core/Src/main.c:526:13:MX_GPIO_Init	40	static
../Core/Src/main.c:580:6:HAL_TIM_PeriodElapsedCallback	16	static
../Core/Src/main.c:586:6:HAL_GPIO_EXTI_Callback	16	static
../Core/Src/main.c:595:6:Error_Handler	4	static,ignoring_inline_asm
