../Application/Src/lib/nrf24l01p.c:12:6:nrf24l01p_create_handle	24	static
../Application/Src/lib/nrf24l01p.c:22:6:nrf24l01p_set_csn	16	static
../Application/Src/lib/nrf24l01p.c:31:17:nrf24l01p_get_csn	16	static
../Application/Src/lib/nrf24l01p.c:35:6:nrf24l01p_set_ce	16	static
../Application/Src/lib/nrf24l01p.c:44:17:nrf24l01p_get_ce	16	static
../Application/Src/lib/nrf24l01p.c:48:6:nrf24l01p_command	24	static
../Application/Src/lib/nrf24l01p.c:54:6:nrf24l01p_read_command_buffer	32	static
../Application/Src/lib/nrf24l01p.c:61:6:nrf24l01p_write_command_buffer	32	static
../Application/Src/lib/nrf24l01p.c:68:17:nrf24l01p_read_register_bit	16	static
../Application/Src/lib/nrf24l01p.c:71:6:nrf24l01p_write_register_bit	24	static
../Application/Src/lib/nrf24l01p.c:82:9:nrf24l01p_read_register	24	static
../Application/Src/lib/nrf24l01p.c:89:6:nrf24l01p_read_register_buffer	24	static
../Application/Src/lib/nrf24l01p.c:93:6:nrf24l01p_write_register	16	static
../Application/Src/lib/nrf24l01p.c:96:6:nrf24l01p_write_register_buffer	24	static
../Application/Src/lib/nrf24l01p.c:100:6:nrf24l01p_read_rx_fifo	24	static
../Application/Src/lib/nrf24l01p.c:103:6:nrf24l01p_write_tx_fifo	24	static
../Application/Src/lib/nrf24l01p.c:107:6:nrf24l01p_flush_tx	16	static
../Application/Src/lib/nrf24l01p.c:110:6:nrf24l01p_flush_rx	16	static
../Application/Src/lib/nrf24l01p.c:114:6:nrf24l01p_reuse_tx_pl	16	static
../Application/Src/lib/nrf24l01p.c:118:9:nrf24l01p_read_rx_pl_width	24	static
../Application/Src/lib/nrf24l01p.c:124:6:nrf24l01p_write_ack_pl	24	static
../Application/Src/lib/nrf24l01p.c:128:6:nrf24l01p_write_noack_pl	24	static
../Application/Src/lib/nrf24l01p.c:132:9:nrf24l01p_get_status	16	static
../Application/Src/lib/nrf24l01p.c:138:6:nrf24l01p_set_irq_rx_en	16	static
../Application/Src/lib/nrf24l01p.c:141:17:nrf24l01p_get_irq_rx_en	16	static
../Application/Src/lib/nrf24l01p.c:145:6:nrf24l01p_set_irq_tx_en	16	static
../Application/Src/lib/nrf24l01p.c:148:17:nrf24l01p_get_irq_tx_en	16	static
../Application/Src/lib/nrf24l01p.c:152:6:nrf24l01p_set_irq_rt_en	16	static
../Application/Src/lib/nrf24l01p.c:155:17:nrf24l01p_get_irq_rt_en	16	static
../Application/Src/lib/nrf24l01p.c:159:6:nrf24l01p_set_crc_en	16	static
../Application/Src/lib/nrf24l01p.c:162:17:nrf24l01p_get_crc_en	16	static
../Application/Src/lib/nrf24l01p.c:166:6:nrf24l01p_set_crc_bits	16	static
../Application/Src/lib/nrf24l01p.c:169:20:nrf24l01p_get_crc_bits	16	static
../Application/Src/lib/nrf24l01p.c:173:6:nrf24l01p_set_power	16	static
../Application/Src/lib/nrf24l01p.c:176:17:nrf24l01p_get_power	16	static
../Application/Src/lib/nrf24l01p.c:180:6:nrf24l01p_set_mode	16	static
../Application/Src/lib/nrf24l01p.c:183:16:nrf24l01p_get_mode	16	static
../Application/Src/lib/nrf24l01p.c:187:6:nrf24l01p_set_auto_ack_en	16	static
../Application/Src/lib/nrf24l01p.c:190:17:nrf24l01p_get_auto_ack_en	16	static
../Application/Src/lib/nrf24l01p.c:194:6:nrf24l01p_set_rx_pipe_en	16	static
../Application/Src/lib/nrf24l01p.c:197:17:nrf24l01p_get_rx_pipe_en	16	static
../Application/Src/lib/nrf24l01p.c:201:6:nrf24l01p_set_address_width	16	static
../Application/Src/lib/nrf24l01p.c:204:25:nrf24l01p_get_address_width	16	static
../Application/Src/lib/nrf24l01p.c:208:6:nrf24l01p_set_rt_delay	24	static
../Application/Src/lib/nrf24l01p.c:214:20:nrf24l01p_get_rt_delay	16	static
../Application/Src/lib/nrf24l01p.c:218:6:nrf24l01p_set_rt_count	24	static
../Application/Src/lib/nrf24l01p.c:224:20:nrf24l01p_get_rt_count	16	static
../Application/Src/lib/nrf24l01p.c:228:6:nrf24l01p_set_frequency	24	static
../Application/Src/lib/nrf24l01p.c:235:10:nrf24l01p_get_frequency	16	static
../Application/Src/lib/nrf24l01p.c:239:6:nrf24l01p_set_rx_continuous	16	static
../Application/Src/lib/nrf24l01p.c:242:17:nrf24l01p_get_rx_continuous	16	static
../Application/Src/lib/nrf24l01p.c:246:6:nrf24l01p_set_data_rate	24	static
../Application/Src/lib/nrf24l01p.c:257:21:nrf24l01p_get_data_rate	24	static
../Application/Src/lib/nrf24l01p.c:266:6:nrf24l01p_set_output_power	24	static
../Application/Src/lib/nrf24l01p.c:272:24:nrf24l01p_get_output_power	16	static
../Application/Src/lib/nrf24l01p.c:276:17:nrf24l01p_get_irq_rx	16	static
../Application/Src/lib/nrf24l01p.c:279:17:nrf24l01p_get_irq_tx	16	static
../Application/Src/lib/nrf24l01p.c:282:17:nrf24l01p_get_irq_rt	16	static
../Application/Src/lib/nrf24l01p.c:286:16:nrf24l01p_get_pipe_available	16	static
../Application/Src/lib/nrf24l01p.c:290:9:nrf24l01p_get_plos_cnt	16	static
../Application/Src/lib/nrf24l01p.c:294:9:nrf24l01p_get_rt_cnt	16	static
../Application/Src/lib/nrf24l01p.c:298:17:nrf24l01p_get_detect_power	16	static
../Application/Src/lib/nrf24l01p.c:302:6:nrf24l01p_set_rx_addr	24	static
../Application/Src/lib/nrf24l01p.c:305:6:nrf24l01p_get_rx_addr	24	static
../Application/Src/lib/nrf24l01p.c:309:6:nrf24l01p_set_tx_addr	16	static
../Application/Src/lib/nrf24l01p.c:312:6:nrf24l01p_get_tx_addr	16	static
../Application/Src/lib/nrf24l01p.c:316:6:nrf24l01p_set_payload_size	16	static
../Application/Src/lib/nrf24l01p.c:323:9:nrf24l01p_get_payload_size	16	static
../Application/Src/lib/nrf24l01p.c:327:17:nrf24l01p_get_tx_reuse	16	static
../Application/Src/lib/nrf24l01p.c:331:23:nrf24l01p_get_tx_fifo	16	static
../Application/Src/lib/nrf24l01p.c:340:23:nrf24l01p_get_rx_fifo	16	static
../Application/Src/lib/nrf24l01p.c:350:6:nrf24l01p_set_dpl	16	static
../Application/Src/lib/nrf24l01p.c:353:17:nrf24l01p_get_dpl	16	static
../Application/Src/lib/nrf24l01p.c:357:6:nrf24l01p_set_dpl_en	16	static
../Application/Src/lib/nrf24l01p.c:360:17:nrf24l01p_get_dpl_en	16	static
../Application/Src/lib/nrf24l01p.c:364:6:nrf24l01p_set_ack_en	16	static
../Application/Src/lib/nrf24l01p.c:367:17:nrf24l01p_get_ack_en	16	static
../Application/Src/lib/nrf24l01p.c:371:6:nrf24l01p_set_dyn_ack_en	16	static
../Application/Src/lib/nrf24l01p.c:374:17:nrf24l01p_get_dyn_ack_en	16	static
../Application/Src/lib/nrf24l01p.c:379:6:nrf24l01p_flush_all	16	static
../Application/Src/lib/nrf24l01p.c:384:6:nrf24l01p_reset_irq_rx	16	static
../Application/Src/lib/nrf24l01p.c:387:6:nrf24l01p_reset_irq_tx	16	static
../Application/Src/lib/nrf24l01p.c:390:6:nrf24l01p_reset_irq_rt	16	static
../Application/Src/lib/nrf24l01p.c:394:6:nrf24l01p_reset_irq_all	16	static
../Application/Src/lib/nrf24l01p.c:400:6:nrf24l01p_reset_addresses	32	static
../Application/Src/lib/nrf24l01p.c:416:6:nrf24l01p_reset_pl_width	16	static
../Application/Src/lib/nrf24l01p.c:425:6:nrf24l01p_reset_pipes	16	static
../Application/Src/lib/nrf24l01p.c:435:6:nrf24l01_reset_features	16	static
../Application/Src/lib/nrf24l01p.c:440:6:nrf24l01p_rx_init	16	static
../Application/Src/lib/nrf24l01p.c:456:6:nrf24l01p_tx_init	16	static
../Application/Src/lib/nrf24l01p.c:474:6:nrf24l01p_rx_irq_handler	56	dynamic
../Application/Src/lib/nrf24l01p.c:489:6:nrf24l01p_tx_irq_handler	16	static
../Application/Src/lib/nrf24l01p.c:491:6:nrf24l01p_rt_irq_handler	16	static
../Application/Src/lib/nrf24l01p.c:494:6:nrf24l01p_irq_handler	24	static
