Archive member included to satisfy reference by file (symbol)

c:/st/stm32cubeide_1.12.1/stm32cubeide/plugins/com.st.stm32cube.ide.mcu.externaltools.gnu-tools-for-stm32.10.3-2021.10.win32_1.0.200.202301161003/tools/bin/../lib/gcc/arm-none-eabi/10.3.1/../../../../arm-none-eabi/lib/thumb/v7-m/nofp\libstdc++_nano.a(del_ops.o)
                              ./Application/Src/display/screens/edit.o (operator delete(void*, unsigned int))
c:/st/stm32cubeide_1.12.1/stm32cubeide/plugins/com.st.stm32cube.ide.mcu.externaltools.gnu-tools-for-stm32.10.3-2021.10.win32_1.0.200.202301161003/tools/bin/../lib/gcc/arm-none-eabi/10.3.1/../../../../arm-none-eabi/lib/thumb/v7-m/nofp\libstdc++_nano.a(del_opv.o)
                              ./Application/Src/display/screens/scroll.o (operator delete[](void*))
c:/st/stm32cubeide_1.12.1/stm32cubeide/plugins/com.st.stm32cube.ide.mcu.externaltools.gnu-tools-for-stm32.10.3-2021.10.win32_1.0.200.202301161003/tools/bin/../lib/gcc/arm-none-eabi/10.3.1/../../../../arm-none-eabi/lib/thumb/v7-m/nofp\libstdc++_nano.a(new_op.o)
                              ./Application/Src/display/screens.o (operator new(unsigned int))
c:/st/stm32cubeide_1.12.1/stm32cubeide/plugins/com.st.stm32cube.ide.mcu.externaltools.gnu-tools-for-stm32.10.3-2021.10.win32_1.0.200.202301161003/tools/bin/../lib/gcc/arm-none-eabi/10.3.1/../../../../arm-none-eabi/lib/thumb/v7-m/nofp\libstdc++_nano.a(new_opv.o)
                              ./Application/Src/display/screens.o (operator new[](unsigned int))
c:/st/stm32cubeide_1.12.1/stm32cubeide/plugins/com.st.stm32cube.ide.mcu.externaltools.gnu-tools-for-stm32.10.3-2021.10.win32_1.0.200.202301161003/tools/bin/../lib/gcc/arm-none-eabi/10.3.1/../../../../arm-none-eabi/lib/thumb/v7-m/nofp\libstdc++_nano.a(pure.o)
                              ./Application/Src/display/templates/option.o (__cxa_pure_virtual)
c:/st/stm32cubeide_1.12.1/stm32cubeide/plugins/com.st.stm32cube.ide.mcu.externaltools.gnu-tools-for-stm32.10.3-2021.10.win32_1.0.200.202301161003/tools/bin/../lib/gcc/arm-none-eabi/10.3.1/../../../../arm-none-eabi/lib/thumb/v7-m/nofp\libstdc++_nano.a(del_op.o)
                              c:/st/stm32cubeide_1.12.1/stm32cubeide/plugins/com.st.stm32cube.ide.mcu.externaltools.gnu-tools-for-stm32.10.3-2021.10.win32_1.0.200.202301161003/tools/bin/../lib/gcc/arm-none-eabi/10.3.1/../../../../arm-none-eabi/lib/thumb/v7-m/nofp\libstdc++_nano.a(del_ops.o) (operator delete(void*))
c:/st/stm32cubeide_1.12.1/stm32cubeide/plugins/com.st.stm32cube.ide.mcu.externaltools.gnu-tools-for-stm32.10.3-2021.10.win32_1.0.200.202301161003/tools/bin/../lib/gcc/arm-none-eabi/10.3.1/../../../../arm-none-eabi/lib/thumb/v7-m/nofp\libstdc++_nano.a(eh_terminate.o)
                              c:/st/stm32cubeide_1.12.1/stm32cubeide/plugins/com.st.stm32cube.ide.mcu.externaltools.gnu-tools-for-stm32.10.3-2021.10.win32_1.0.200.202301161003/tools/bin/../lib/gcc/arm-none-eabi/10.3.1/../../../../arm-none-eabi/lib/thumb/v7-m/nofp\libstdc++_nano.a(pure.o) (std::terminate())
c:/st/stm32cubeide_1.12.1/stm32cubeide/plugins/com.st.stm32cube.ide.mcu.externaltools.gnu-tools-for-stm32.10.3-2021.10.win32_1.0.200.202301161003/tools/bin/../lib/gcc/arm-none-eabi/10.3.1/../../../../arm-none-eabi/lib/thumb/v7-m/nofp\libstdc++_nano.a(eh_unex_handler.o)
                              c:/st/stm32cubeide_1.12.1/stm32cubeide/plugins/com.st.stm32cube.ide.mcu.externaltools.gnu-tools-for-stm32.10.3-2021.10.win32_1.0.200.202301161003/tools/bin/../lib/gcc/arm-none-eabi/10.3.1/../../../../arm-none-eabi/lib/thumb/v7-m/nofp\libstdc++_nano.a(eh_terminate.o) (__cxxabiv1::__unexpected_handler)
c:/st/stm32cubeide_1.12.1/stm32cubeide/plugins/com.st.stm32cube.ide.mcu.externaltools.gnu-tools-for-stm32.10.3-2021.10.win32_1.0.200.202301161003/tools/bin/../lib/gcc/arm-none-eabi/10.3.1/../../../../arm-none-eabi/lib/thumb/v7-m/nofp\libstdc++_nano.a(new_handler.o)
                              c:/st/stm32cubeide_1.12.1/stm32cubeide/plugins/com.st.stm32cube.ide.mcu.externaltools.gnu-tools-for-stm32.10.3-2021.10.win32_1.0.200.202301161003/tools/bin/../lib/gcc/arm-none-eabi/10.3.1/../../../../arm-none-eabi/lib/thumb/v7-m/nofp\libstdc++_nano.a(new_op.o) (std::get_new_handler())
c:/st/stm32cubeide_1.12.1/stm32cubeide/plugins/com.st.stm32cube.ide.mcu.externaltools.gnu-tools-for-stm32.10.3-2021.10.win32_1.0.200.202301161003/tools/bin/../lib/gcc/arm-none-eabi/10.3.1/../../../../arm-none-eabi/lib/thumb/v7-m/nofp\libstdc++_nano.a(eh_term_handler.o)
                              c:/st/stm32cubeide_1.12.1/stm32cubeide/plugins/com.st.stm32cube.ide.mcu.externaltools.gnu-tools-for-stm32.10.3-2021.10.win32_1.0.200.202301161003/tools/bin/../lib/gcc/arm-none-eabi/10.3.1/../../../../arm-none-eabi/lib/thumb/v7-m/nofp\libstdc++_nano.a(eh_terminate.o) (__cxxabiv1::__terminate_handler)
[...]
Memory Configuration

Name             Origin             Length             Attributes
RAM              0x0000000020000000 0x0000000000005000 xrw
FLASH            0x0000000008000000 0x0000000000010000 xr
*default*        0x0000000000000000 0xffffffffffffffff

Linker script and memory map

LOAD c:/st/stm32cubeide_1.12.1/stm32cubeide/plugins/com.st.stm32cube.ide.mcu.externaltools.gnu-tools-for-stm32.10.3-2021.10.win32_1.0.200.202301161003/tools/bin/../lib/gcc/arm-none-eabi/10.3.1/thumb/v7-m/nofp/crti.o
LOAD c:/st/stm32cubeide_1.12.1/stm32cubeide/plugins/com.st.stm32cube.ide.mcu.externaltools.gnu-tools-for-stm32.10.3-2021.10.win32_1.0.200.202301161003/tools/bin/../lib/gcc/arm-none-eabi/10.3.1/thumb/v7-m/nofp/crtbegin.o
LOAD c:/st/stm32cubeide_1.12.1/stm32cubeide/plugins/com.st.stm32cube.ide.mcu.externaltools.gnu-tools-for-stm32.10.3-2021.10.win32_1.0.200.202301161003/tools/bin/../lib/gcc/arm-none-eabi/10.3.1/../../../../arm-none-eabi/lib/thumb/v7-m/nofp/crt0.o
LOAD ./Application/Src/control.o
LOAD ./Application/Src/eeprom.o
LOAD ./Application/Src/input.o
LOAD ./Application/Src/signal.o
LOAD ./Application/Src/display/display.o
LOAD ./Application/Src/display/screens.o
LOAD ./Application/Src/display/options/action.o
LOAD ./Application/Src/display/options/redirect.o
LOAD ./Application/Src/display/options/toggle.o
LOAD ./Application/Src/display/screens/edit.o
LOAD ./Application/Src/display/screens/live.o
LOAD ./Application/Src/display/screens/scroll.o
LOAD ./Application/Src/display/streams/print.o
LOAD ./Application/Src/display/templates/option.o
LOAD ./Application/Src/display/templates/screen.o
LOAD ./Application/Src/display/templates/stream.o
LOAD ./Application/Src/display/templates/title.o
LOAD ./Application/Src/display/titles/image.o
LOAD ./Application/Src/display/titles/text.o
LOAD ./Application/Src/lib/i2c_eeprom.o
LOAD ./Application/Src/lib/nrf24l01p.o
LOAD ./Application/Src/lib/ssd1306.o
LOAD ./Application/Src/lib/ssd1306_fonts.o
LOAD ./Core/Src/main.o
LOAD ./Core/Src/stm32f1xx_hal_msp.o
LOAD ./Core/Src/stm32f1xx_it.o
LOAD ./Core/Src/syscalls.o
LOAD ./Core/Src/sysmem.o
LOAD ./Core/Src/system_stm32f1xx.o
LOAD ./Core/Startup/startup_stm32f103c8tx.o
LOAD ./Drivers/STM32F1xx_HAL_Driver/Src/stm32f1xx_hal.o
LOAD ./Drivers/STM32F1xx_HAL_Driver/Src/stm32f1xx_hal_adc.o
LOAD ./Drivers/STM32F1xx_HAL_Driver/Src/stm32f1xx_hal_adc_ex.o
LOAD ./Drivers/STM32F1xx_HAL_Driver/Src/stm32f1xx_hal_cortex.o
LOAD ./Drivers/STM32F1xx_HAL_Driver/Src/stm32f1xx_hal_dma.o
LOAD ./Drivers/STM32F1xx_HAL_Driver/Src/stm32f1xx_hal_exti.o
LOAD ./Drivers/STM32F1xx_HAL_Driver/Src/stm32f1xx_hal_flash.o
LOAD ./Drivers/STM32F1xx_HAL_Driver/Src/stm32f1xx_hal_flash_ex.o
LOAD ./Drivers/STM32F1xx_HAL_Driver/Src/stm32f1xx_hal_gpio.o
LOAD ./Drivers/STM32F1xx_HAL_Driver/Src/stm32f1xx_hal_gpio_ex.o
LOAD ./Drivers/STM32F1xx_HAL_Driver/Src/stm32f1xx_hal_i2c.o
LOAD ./Drivers/STM32F1xx_HAL_Driver/Src/stm32f1xx_hal_pwr.o
LOAD ./Drivers/STM32F1xx_HAL_Driver/Src/stm32f1xx_hal_rcc.o
LOAD ./Drivers/STM32F1xx_HAL_Driver/Src/stm32f1xx_hal_rcc_ex.o
LOAD ./Drivers/STM32F1xx_HAL_Driver/Src/stm32f1xx_hal_spi.o
LOAD ./Drivers/STM32F1xx_HAL_Driver/Src/stm32f1xx_hal_tim.o
LOAD ./Drivers/STM32F1xx_HAL_Driver/Src/stm32f1xx_hal_tim_ex.o
START GROUP
LOAD c:/st/stm32cubeide_1.12.1/stm32cubeide/plugins/com.st.stm32cube.ide.mcu.externaltools.gnu-tools-for-stm32.10.3-2021.10.win32_1.0.200.202301161003/tools/bin/../lib/gcc/arm-none-eabi/10.3.1/../../../../arm-none-eabi/lib/thumb/v7-m/nofp\libstdc++_nano.a
LOAD c:/st/stm32cubeide_1.12.1/stm32cubeide/plugins/com.st.stm32cube.ide.mcu.externaltools.gnu-tools-for-stm32.10.3-2021.10.win32_1.0.200.202301161003/tools/bin/../lib/gcc/arm-none-eabi/10.3.1/../../../../arm-none-eabi/lib/thumb/v7-m/nofp\libsupc++_nano.a
END GROUP
LOAD c:/st/stm32cubeide_1.12.1/stm32cubeide/plugins/com.st.stm32cube.ide.mcu.externaltools.gnu-tools-for-stm32.10.3-2021.10.win32_1.0.200.202301161003/tools/bin/../lib/gcc/arm-none-eabi/10.3.1/../../../../arm-none-eabi/lib/thumb/v7-m/nofp\libstdc++_nano.a
LOAD c:/st/stm32cubeide_1.12.1/stm32cubeide/plugins/com.st.stm32cube.ide.mcu.externaltools.gnu-tools-for-stm32.10.3-2021.10.win32_1.0.200.202301161003/tools/bin/../lib/gcc/arm-none-eabi/10.3.1/../../../../arm-none-eabi/lib/thumb/v7-m/nofp\libm.a
LOAD c:/st/stm32cubeide_1.12.1/stm32cubeide/plugins/com.st.stm32cube.ide.mcu.externaltools.gnu-tools-for-stm32.10.3-2021.10.win32_1.0.200.202301161003/tools/bin/../lib/gcc/arm-none-eabi/10.3.1/../../../../arm-none-eabi/lib/thumb/v7-m/nofp\libc_nano.a
START GROUP
LOAD c:/st/stm32cubeide_1.12.1/stm32cubeide/plugins/com.st.stm32cube.ide.mcu.externaltools.gnu-tools-for-stm32.10.3-2021.10.win32_1.0.200.202301161003/tools/bin/../lib/gcc/arm-none-eabi/10.3.1/thumb/v7-m/nofp\libgcc.a
LOAD c:/st/stm32cubeide_1.12.1/stm32cubeide/plugins/com.st.stm32cube.ide.mcu.externaltools.gnu-tools-for-stm32.10.3-2021.10.win32_1.0.200.202301161003/tools/bin/../lib/gcc/arm-none-eabi/10.3.1/../../../../arm-none-eabi/lib/thumb/v7-m/nofp\libc_nano.a
END GROUP
START GROUP
LOAD c:/st/stm32cubeide_1.12.1/stm32cubeide/plugins/com.st.stm32cube.ide.mcu.externaltools.gnu-tools-for-stm32.10.3-2021.10.win32_1.0.200.202301161003/tools/bin/../lib/gcc/arm-none-eabi/10.3.1/thumb/v7-m/nofp\libgcc.a
LOAD c:/st/stm32cubeide_1.12.1/stm32cubeide/plugins/com.st.stm32cube.ide.mcu.externaltools.gnu-tools-for-stm32.10.3-2021.10.win32_1.0.200.202301161003/tools/bin/../lib/gcc/arm-none-eabi/10.3.1/../../../../arm-none-eabi/lib/thumb/v7-m/nofp\libc_nano.a
LOAD c:/st/stm32cubeide_1.12.1/stm32cubeide/plugins/com.st.stm32cube.ide.mcu.externaltools.gnu-tools-for-stm32.10.3-2021.10.win32_1.0.200.202301161003/tools/bin/../lib/gcc/arm-none-eabi/10.3.1/../../../../arm-none-eabi/lib/thumb/v7-m/nofp\libnosys.a
END GROUP
START GROUP
LOAD c:/st/stm32cubeide_1.12.1/stm32cubeide/plugins/com.st.stm32cube.ide.mcu.externaltools.gnu-tools-for-stm32.10.3-2021.10.win32_1.0.200.202301161003/tools/bin/../lib/gcc/arm-none-eabi/10.3.1/thumb/v7-m/nofp\libgcc.a
LOAD c:/st/stm32cubeide_1.12.1/stm32cubeide/plugins/com.st.stm32cube.ide.mcu.externaltools.gnu-tools-for-stm32.10.3-2021.10.win32_1.0.200.202301161003/tools/bin/../lib/gcc/arm-none-eabi/10.3.1/../../../../arm-none-eabi/lib/thumb/v7-m/nofp\libc_nano.a
LOAD c:/st/stm32cubeide_1.12.1/stm32cubeide/plugins/com.st.stm32cube.ide.mcu.externaltools.gnu-tools-for-stm32.10.3-2021.10.win32_1.0.200.202301161003/tools/bin/../lib/gcc/arm-none-eabi/10.3.1/../../../../arm-none-eabi/lib/thumb/v7-m/nofp\libnosys.a
END GROUP
LOAD c:/st/stm32cubeide_1.12.1/stm32cubeide/plugins/com.st.stm32cube.ide.mcu.externaltools.gnu-tools-for-stm32.10.3-2021.10.win32_1.0.200.202301161003/tools/bin/../lib/gcc/arm-none-eabi/10.3.1/thumb/v7-m/nofp/crtend.o
LOAD c:/st/stm32cubeide_1.12.1/stm32cubeide/plugins/com.st.stm32cube.ide.mcu.externaltools.gnu-tools-for-stm32.10.3-2021.10.win32_1.0.200.202301161003/tools/bin/../lib/gcc/arm-none-eabi/10.3.1/thumb/v7-m/nofp/crtn.o
                0x0000000020005000                _estack = (ORIGIN (RAM) + LENGTH (RAM))
                0x0000000000000200                _Min_Heap_Size = 0x200
                0x0000000000000400                _Min_Stack_Size = 0x400

.isr_vector     0x0000000008000000      0x10c
                0x0000000008000000                . = ALIGN (0x4)
 *(.isr_vector)
 .isr_vector    0x0000000008000000      0x10c ./Core/Startup/startup_stm32f103c8tx.o
                0x0000000008000000                g_pfnVectors
                0x000000000800010c                . = ALIGN (0x4)

.text           0x000000000800010c     0x5488
                0x000000000800010c                . = ALIGN (0x4)
 *(.text)
 .text          0x000000000800010c       0x40 c:/st/stm32cubeide_1.12.1/stm32cubeide/plugins/com.st.stm32cube.ide.mcu.externaltools.gnu-tools-for-stm32.10.3-2021.10.win32_1.0.200.202301161003/tools/bin/../lib/gcc/arm-none-eabi/10.3.1/thumb/v7-m/nofp/crtbegin.o
 *(.text*)
 .text.Control_Init
                0x000000000800014c       0x10 ./Application/Src/control.o
                0x000000000800014c                Control_Init
 .text.Memory_Init
                0x000000000800015c       0x58 ./Application/Src/eeprom.o
                0x000000000800015c                Memory_Init
 .text.Memory_Evaluate
                0x00000000080001b4        0xc ./Application/Src/eeprom.o
                0x00000000080001b4                Memory_Evaluate
 .text.Input_GetState
                0x00000000080001c0       0x2c ./Application/Src/input.o
                0x00000000080001c0                Input_GetState
 .text.Input_TimerHandler
                0x00000000080001ec       0xa4 ./Application/Src/input.o
                0x00000000080001ec                Input_TimerHandler
 .text.Signal_TestSteering
                0x0000000008000290        0xc ./Application/Src/signal.o
                0x0000000008000290                Signal_TestSteering
 .text.Signal_TestMotor
                0x000000000800029c        0xc ./Application/Src/signal.o
                0x000000000800029c                Signal_TestMotor
 .text._ZL17display_init_pagev
                0x00000000080002a8       0x3c ./Application/Src/display/display.o
 .text.Display_Init
                0x00000000080002e4       0x2c ./Application/Src/display/display.o
                0x00000000080002e4                Display_Init
 .text._Z17Screens_GetScreen10ScreenName
                0x0000000008000310       0xb8 ./Application/Src/display/screens.o
                0x0000000008000310                Screens_GetScreen(ScreenName)
 .text._ZN6ActionC2EPKcPFvvE
                0x00000000080003c8       0x30 ./Application/Src/display/options/action.o
                0x00000000080003c8                Action::Action(char const*, void (*)())
                0x00000000080003c8                Action::Action(char const*, void (*)())
 .text._ZN6Action4drawEPc
                0x00000000080003f8       0x24 ./Application/Src/display/options/action.o
                0x00000000080003f8                Action::draw(char*)
 .text._ZN6Action5pressEv
                0x000000000800041c       0x18 ./Application/Src/display/options/action.o
                0x000000000800041c                Action::press()
 .text._ZL7int_minhh
                0x0000000008000434       0x28 ./Application/Src/display/screens/scroll.o
 .text._ZL7int_maxhh
                0x000000000800045c       0x28 ./Application/Src/display/screens/scroll.o
 .text._ZN6Scroll13update_cursorEv
                0x0000000008000484       0x54 ./Application/Src/display/screens/scroll.o
                0x0000000008000484                Scroll::update_cursor()
 .text._ZN6Scroll14update_optionsEv
                0x00000000080004d8      0x120 ./Application/Src/display/screens/scroll.o
                0x00000000080004d8                Scroll::update_options()
 .text._ZN6ScrollC2EP5TitlePP6Optionh
                0x00000000080005f8       0x44 ./Application/Src/display/screens/scroll.o
                0x00000000080005f8                Scroll::Scroll(Title*, Option**, unsigned char)
                0x00000000080005f8                Scroll::Scroll(Title*, Option**, unsigned char)
 .text._ZN6ScrollD2Ev
                0x000000000800063c       0x38 ./Application/Src/display/screens/scroll.o
                0x000000000800063c                Scroll::~Scroll()
                0x000000000800063c                Scroll::~Scroll()
 .text._ZN6ScrollD0Ev
                0x0000000008000674       0x20 ./Application/Src/display/screens/scroll.o
                0x0000000008000674                Scroll::~Scroll()
 .text._ZN6Scroll4initEv
                0x0000000008000694       0x24 ./Application/Src/display/screens/scroll.o
                0x0000000008000694                Scroll::init()
 .text._ZN6Scroll4loopEv
                0x00000000080006b8      0x204 ./Application/Src/display/screens/scroll.o
                0x00000000080006b8                Scroll::loop()
 .text._ZN6Scroll5closeEv
                0x00000000080008bc       0x1e ./Application/Src/display/screens/scroll.o
                0x00000000080008bc                Scroll::close()
 *fill*         0x00000000080008da        0x2 
 .text._ZN6OptionC2EPKc
                0x00000000080008dc       0x28 ./Application/Src/display/templates/option.o
                0x00000000080008dc                Option::Option(char const*)
                0x00000000080008dc                Option::Option(char const*)
 .text._ZN6Option7getTextEv
                0x0000000008000904       0x16 ./Application/Src/display/templates/option.o
                0x0000000008000904                Option::getText()
 *fill*         0x000000000800091a        0x2 
 .text._ZN6ScreenC2EP5Title
                0x000000000800091c       0x28 ./Application/Src/display/templates/screen.o
                0x000000000800091c                Screen::Screen(Title*)
                0x000000000800091c                Screen::Screen(Title*)
 .text._ZN6ScreenD2Ev
                0x0000000008000944       0x30 ./Application/Src/display/templates/screen.o
                0x0000000008000944                Screen::~Screen()
                0x0000000008000944                Screen::~Screen()
 .text._ZN6Screen9drawTitleEv
                0x0000000008000974       0x22 ./Application/Src/display/templates/screen.o
                0x0000000008000974                Screen::drawTitle()
 *fill*         0x0000000008000996        0x2 
 .text._ZN5TitleD2Ev
                0x0000000008000998       0x20 ./Application/Src/display/templates/title.o
                0x0000000008000998                Title::~Title()
                0x0000000008000998                Title::~Title()
 .text._ZN5TitleC2Ev
                0x00000000080009b8       0x20 ./Application/Src/display/titles/image.o
                0x00000000080009b8                Title::Title()
                0x00000000080009b8                Title::Title()
 .text._ZN5ImageC2EPKhhh
                0x00000000080009d8       0x44 ./Application/Src/display/titles/image.o
                0x00000000080009d8                Image::Image(unsigned char const*, unsigned char, unsigned char)
                0x00000000080009d8                Image::Image(unsigned char const*, unsigned char, unsigned char)
 .text._ZN5Image4drawEv
                0x0000000008000a1c       0x48 ./Application/Src/display/titles/image.o
                0x0000000008000a1c                Image::draw()
 .text._ZN5ImageD2Ev
                0x0000000008000a64       0x24 ./Application/Src/display/titles/image.o
                0x0000000008000a64                Image::~Image()
                0x0000000008000a64                Image::~Image()
 .text._ZN5ImageD0Ev
                0x0000000008000a88       0x20 ./Application/Src/display/titles/image.o
                0x0000000008000a88                Image::~Image()
 .text.eeprom_random_read
                0x0000000008000aa8       0x34 ./Application/Src/lib/i2c_eeprom.o
                0x0000000008000aa8                eeprom_random_read
 .text.ssd1306_Reset
                0x0000000008000adc        0xc ./Application/Src/lib/ssd1306.o
                0x0000000008000adc                ssd1306_Reset
 .text.ssd1306_WriteCommand
                0x0000000008000ae8       0x30 ./Application/Src/lib/ssd1306.o
                0x0000000008000ae8                ssd1306_WriteCommand
 .text.ssd1306_WriteData
                0x0000000008000b18       0x34 ./Application/Src/lib/ssd1306.o
                0x0000000008000b18                ssd1306_WriteData
 .text.ssd1306_Init
                0x0000000008000b4c       0xd4 ./Application/Src/lib/ssd1306.o
                0x0000000008000b4c                ssd1306_Init
 .text.ssd1306_Fill
                0x0000000008000c20       0x44 ./Application/Src/lib/ssd1306.o
                0x0000000008000c20                ssd1306_Fill
 .text.ssd1306_UpdateScreen
                0x0000000008000c64       0x50 ./Application/Src/lib/ssd1306.o
                0x0000000008000c64                ssd1306_UpdateScreen
 .text.ssd1306_DrawPixel
                0x0000000008000cb4       0xa4 ./Application/Src/lib/ssd1306.o
                0x0000000008000cb4                ssd1306_DrawPixel
 .text.ssd1306_WriteChar
                0x0000000008000d58      0x110 ./Application/Src/lib/ssd1306.o
                0x0000000008000d58                ssd1306_WriteChar
 .text.ssd1306_WriteString
                0x0000000008000e68       0x4c ./Application/Src/lib/ssd1306.o
                0x0000000008000e68                ssd1306_WriteString
 .text.ssd1306_SetCursor
                0x0000000008000eb4       0x30 ./Application/Src/lib/ssd1306.o
                0x0000000008000eb4                ssd1306_SetCursor
 .text.ssd1306_FillRectangle
                0x0000000008000ee4       0x9c ./Application/Src/lib/ssd1306.o
                0x0000000008000ee4                ssd1306_FillRectangle
 .text.ssd1306_DrawBitmap
                0x0000000008000f80       0xb6 ./Application/Src/lib/ssd1306.o
                0x0000000008000f80                ssd1306_DrawBitmap
 .text.ssd1306_SetContrast
                0x0000000008001036       0x26 ./Application/Src/lib/ssd1306.o
                0x0000000008001036                ssd1306_SetContrast
 .text.ssd1306_SetDisplayOn
                0x000000000800105c       0x3c ./Application/Src/lib/ssd1306.o
                0x000000000800105c                ssd1306_SetDisplayOn
 .text.main     0x0000000008001098       0x8c ./Core/Src/main.o
                0x0000000008001098                main
 .text.SystemClock_Config
                0x0000000008001124       0xb8 ./Core/Src/main.o
                0x0000000008001124                SystemClock_Config
 .text.MX_ADC1_Init
                0x00000000080011dc       0x7c ./Core/Src/main.o
 .text.MX_I2C1_Init
                0x0000000008001258       0x5c ./Core/Src/main.o
 .text.MX_I2C2_Init
                0x00000000080012b4       0x5c ./Core/Src/main.o
 .text.MX_SPI2_Init
                0x0000000008001310       0x6c ./Core/Src/main.o
 .text.MX_TIM1_Init
                0x000000000800137c      0x13c ./Core/Src/main.o
 .text.MX_TIM2_Init
                0x00000000080014b8       0xec ./Core/Src/main.o
 .text.MX_TIM3_Init
                0x00000000080015a4       0xac ./Core/Src/main.o
 .text.MX_GPIO_Init
                0x0000000008001650      0x110 ./Core/Src/main.o
 .text.HAL_TIM_PeriodElapsedCallback
                0x0000000008001760       0x20 ./Core/Src/main.o
                0x0000000008001760                HAL_TIM_PeriodElapsedCallback
 .text.Error_Handler
                0x0000000008001780        0xa ./Core/Src/main.o
                0x0000000008001780                Error_Handler
 *fill*         0x000000000800178a        0x2 
 .text.HAL_MspInit
                0x000000000800178c       0x64 ./Core/Src/stm32f1xx_hal_msp.o
                0x000000000800178c                HAL_MspInit
 .text.HAL_ADC_MspInit
                0x00000000080017f0       0x78 ./Core/Src/stm32f1xx_hal_msp.o
                0x00000000080017f0                HAL_ADC_MspInit
 .text.HAL_I2C_MspInit
                0x0000000008001868       0xd8 ./Core/Src/stm32f1xx_hal_msp.o
                0x0000000008001868                HAL_I2C_MspInit
 .text.HAL_SPI_MspInit
                0x0000000008001940       0x98 ./Core/Src/stm32f1xx_hal_msp.o
                0x0000000008001940                HAL_SPI_MspInit
 .text.HAL_TIM_Base_MspInit
                0x00000000080019d8       0x98 ./Core/Src/stm32f1xx_hal_msp.o
                0x00000000080019d8                HAL_TIM_Base_MspInit
 .text.HAL_TIM_MspPostInit
                0x0000000008001a70       0xcc ./Core/Src/stm32f1xx_hal_msp.o
                0x0000000008001a70                HAL_TIM_MspPostInit
 .text.NMI_Handler
                0x0000000008001b3c        0x6 ./Core/Src/stm32f1xx_it.o
                0x0000000008001b3c                NMI_Handler
 .text.HardFault_Handler
                0x0000000008001b42        0x6 ./Core/Src/stm32f1xx_it.o
                0x0000000008001b42                HardFault_Handler
 .text.MemManage_Handler
                0x0000000008001b48        0x6 ./Core/Src/stm32f1xx_it.o
                0x0000000008001b48                MemManage_Handler
 .text.BusFault_Handler
                0x0000000008001b4e        0x6 ./Core/Src/stm32f1xx_it.o
                0x0000000008001b4e                BusFault_Handler
 .text.UsageFault_Handler
                0x0000000008001b54        0x6 ./Core/Src/stm32f1xx_it.o
                0x0000000008001b54                UsageFault_Handler
 .text.SVC_Handler
                0x0000000008001b5a        0xc ./Core/Src/stm32f1xx_it.o
                0x0000000008001b5a                SVC_Handler
 .text.DebugMon_Handler
                0x0000000008001b66        0xc ./Core/Src/stm32f1xx_it.o
                0x0000000008001b66                DebugMon_Handler
 .text.PendSV_Handler
                0x0000000008001b72        0xc ./Core/Src/stm32f1xx_it.o
                0x0000000008001b72                PendSV_Handler
 .text.SysTick_Handler
                0x0000000008001b7e        0xc ./Core/Src/stm32f1xx_it.o
                0x0000000008001b7e                SysTick_Handler
 *fill*         0x0000000008001b8a        0x2 
 .text.TIM3_IRQHandler
                0x0000000008001b8c       0x14 ./Core/Src/stm32f1xx_it.o
                0x0000000008001b8c                TIM3_IRQHandler
 .text._getpid  0x0000000008001ba0        0xe ./Core/Src/syscalls.o
                0x0000000008001ba0                _getpid
 .text._kill    0x0000000008001bae       0x20 ./Core/Src/syscalls.o
                0x0000000008001bae                _kill
 .text._exit    0x0000000008001bce       0x14 ./Core/Src/syscalls.o
                0x0000000008001bce                _exit
 *fill*         0x0000000008001be2        0x2 
 .text._sbrk    0x0000000008001be4       0x6c ./Core/Src/sysmem.o
                0x0000000008001be4                _sbrk
 .text.SystemInit
                0x0000000008001c50        0xc ./Core/Src/system_stm32f1xx.o
                0x0000000008001c50                SystemInit
 .text.Reset_Handler
                0x0000000008001c5c       0x48 ./Core/Startup/startup_stm32f103c8tx.o
                0x0000000008001c5c                Reset_Handler
 .text.Default_Handler
                0x0000000008001ca4        0x2 ./Core/Startup/startup_stm32f103c8tx.o
                0x0000000008001ca4                RTC_Alarm_IRQHandler
                0x0000000008001ca4                EXTI2_IRQHandler
                0x0000000008001ca4                TIM1_CC_IRQHandler
                0x0000000008001ca4                PVD_IRQHandler
                0x0000000008001ca4                EXTI3_IRQHandler
                0x0000000008001ca4                EXTI0_IRQHandler
                0x0000000008001ca4                I2C2_EV_IRQHandler
                0x0000000008001ca4                ADC1_2_IRQHandler
                0x0000000008001ca4                SPI1_IRQHandler
                0x0000000008001ca4                TAMPER_IRQHandler
                0x0000000008001ca4                DMA1_Channel4_IRQHandler
                0x0000000008001ca4                USART3_IRQHandler
                0x0000000008001ca4                RTC_IRQHandler
                0x0000000008001ca4                DMA1_Channel7_IRQHandler
                0x0000000008001ca4                CAN1_RX1_IRQHandler
                0x0000000008001ca4                TIM4_IRQHandler
                0x0000000008001ca4                I2C1_EV_IRQHandler
                0x0000000008001ca4                DMA1_Channel6_IRQHandler
                0x0000000008001ca4                RCC_IRQHandler
                0x0000000008001ca4                TIM1_TRG_COM_IRQHandler
                0x0000000008001ca4                DMA1_Channel1_IRQHandler
                0x0000000008001ca4                Default_Handler
                0x0000000008001ca4                EXTI15_10_IRQHandler
                0x0000000008001ca4                EXTI9_5_IRQHandler
                0x0000000008001ca4                SPI2_IRQHandler
                0x0000000008001ca4                DMA1_Channel5_IRQHandler
                0x0000000008001ca4                EXTI4_IRQHandler
                0x0000000008001ca4                USB_LP_CAN1_RX0_IRQHandler
                0x0000000008001ca4                USB_HP_CAN1_TX_IRQHandler
                0x0000000008001ca4                DMA1_Channel3_IRQHandler
                0x0000000008001ca4                TIM1_UP_IRQHandler
                0x0000000008001ca4                WWDG_IRQHandler
                0x0000000008001ca4                TIM2_IRQHandler
                0x0000000008001ca4                TIM1_BRK_IRQHandler
                0x0000000008001ca4                EXTI1_IRQHandler
                0x0000000008001ca4                USART2_IRQHandler
                0x0000000008001ca4                I2C2_ER_IRQHandler
                0x0000000008001ca4                DMA1_Channel2_IRQHandler
                0x0000000008001ca4                CAN1_SCE_IRQHandler
                0x0000000008001ca4                FLASH_IRQHandler
                0x0000000008001ca4                USART1_IRQHandler
                0x0000000008001ca4                I2C1_ER_IRQHandler
                0x0000000008001ca4                USBWakeUp_IRQHandler
 *fill*         0x0000000008001ca6        0x2 
 .text.HAL_Init
                0x0000000008001ca8       0x2c ./Drivers/STM32F1xx_HAL_Driver/Src/stm32f1xx_hal.o
                0x0000000008001ca8                HAL_Init
 .text.HAL_InitTick
                0x0000000008001cd4       0x60 ./Drivers/STM32F1xx_HAL_Driver/Src/stm32f1xx_hal.o
                0x0000000008001cd4                HAL_InitTick
 .text.HAL_IncTick
                0x0000000008001d34       0x24 ./Drivers/STM32F1xx_HAL_Driver/Src/stm32f1xx_hal.o
                0x0000000008001d34                HAL_IncTick
 .text.HAL_GetTick
                0x0000000008001d58       0x14 ./Drivers/STM32F1xx_HAL_Driver/Src/stm32f1xx_hal.o
                0x0000000008001d58                HAL_GetTick
 .text.HAL_Delay
                0x0000000008001d6c       0x48 ./Drivers/STM32F1xx_HAL_Driver/Src/stm32f1xx_hal.o
                0x0000000008001d6c                HAL_Delay
 .text.HAL_ADC_Init
                0x0000000008001db4      0x1b0 ./Drivers/STM32F1xx_HAL_Driver/Src/stm32f1xx_hal_adc.o
                0x0000000008001db4                HAL_ADC_Init
 .text.HAL_ADC_ConfigChannel
                0x0000000008001f64      0x1f0 ./Drivers/STM32F1xx_HAL_Driver/Src/stm32f1xx_hal_adc.o
                0x0000000008001f64                HAL_ADC_ConfigChannel
 .text.ADC_ConversionStop_Disable
                0x0000000008002154       0x82 ./Drivers/STM32F1xx_HAL_Driver/Src/stm32f1xx_hal_adc.o
                0x0000000008002154                ADC_ConversionStop_Disable
 *fill*         0x00000000080021d6        0x2 
 .text.__NVIC_SetPriorityGrouping
                0x00000000080021d8       0x48 ./Drivers/STM32F1xx_HAL_Driver/Src/stm32f1xx_hal_cortex.o
 .text.__NVIC_GetPriorityGrouping
                0x0000000008002220       0x1c ./Drivers/STM32F1xx_HAL_Driver/Src/stm32f1xx_hal_cortex.o
 .text.__NVIC_EnableIRQ
                0x000000000800223c       0x38 ./Drivers/STM32F1xx_HAL_Driver/Src/stm32f1xx_hal_cortex.o
 .text.__NVIC_SetPriority
                0x0000000008002274       0x54 ./Drivers/STM32F1xx_HAL_Driver/Src/stm32f1xx_hal_cortex.o
 .text.NVIC_EncodePriority
                0x00000000080022c8       0x64 ./Drivers/STM32F1xx_HAL_Driver/Src/stm32f1xx_hal_cortex.o
 .text.SysTick_Config
                0x000000000800232c       0x44 ./Drivers/STM32F1xx_HAL_Driver/Src/stm32f1xx_hal_cortex.o
 .text.HAL_NVIC_SetPriorityGrouping
                0x0000000008002370       0x16 ./Drivers/STM32F1xx_HAL_Driver/Src/stm32f1xx_hal_cortex.o
                0x0000000008002370                HAL_NVIC_SetPriorityGrouping
 .text.HAL_NVIC_SetPriority
                0x0000000008002386       0x38 ./Drivers/STM32F1xx_HAL_Driver/Src/stm32f1xx_hal_cortex.o
                0x0000000008002386                HAL_NVIC_SetPriority
 .text.HAL_NVIC_EnableIRQ
                0x00000000080023be       0x1c ./Drivers/STM32F1xx_HAL_Driver/Src/stm32f1xx_hal_cortex.o
                0x00000000080023be                HAL_NVIC_EnableIRQ
 .text.HAL_SYSTICK_Config
                0x00000000080023da       0x18 ./Drivers/STM32F1xx_HAL_Driver/Src/stm32f1xx_hal_cortex.o
                0x00000000080023da                HAL_SYSTICK_Config
 *fill*         0x00000000080023f2        0x2 
 .text.HAL_GPIO_Init
                0x00000000080023f4      0x308 ./Drivers/STM32F1xx_HAL_Driver/Src/stm32f1xx_hal_gpio.o
                0x00000000080023f4                HAL_GPIO_Init
 .text.HAL_GPIO_ReadPin
                0x00000000080026fc       0x2e ./Drivers/STM32F1xx_HAL_Driver/Src/stm32f1xx_hal_gpio.o
                0x00000000080026fc                HAL_GPIO_ReadPin
 .text.HAL_GPIO_WritePin
                0x000000000800272a       0x30 ./Drivers/STM32F1xx_HAL_Driver/Src/stm32f1xx_hal_gpio.o
                0x000000000800272a                HAL_GPIO_WritePin
 *fill*         0x000000000800275a        0x2 
 .text.HAL_I2C_Init
                0x000000000800275c      0x288 ./Drivers/STM32F1xx_HAL_Driver/Src/stm32f1xx_hal_i2c.o
                0x000000000800275c                HAL_I2C_Init
 .text.HAL_I2C_Mem_Write
                0x00000000080029e4      0x1f4 ./Drivers/STM32F1xx_HAL_Driver/Src/stm32f1xx_hal_i2c.o
                0x00000000080029e4                HAL_I2C_Mem_Write
 .text.HAL_I2C_Mem_Read
                0x0000000008002bd8      0x4d0 ./Drivers/STM32F1xx_HAL_Driver/Src/stm32f1xx_hal_i2c.o
                0x0000000008002bd8                HAL_I2C_Mem_Read
 .text.I2C_RequestMemoryWrite
                0x00000000080030a8      0x12c ./Drivers/STM32F1xx_HAL_Driver/Src/stm32f1xx_hal_i2c.o
 .text.I2C_RequestMemoryRead
                0x00000000080031d4      0x1d0 ./Drivers/STM32F1xx_HAL_Driver/Src/stm32f1xx_hal_i2c.o
 .text.I2C_WaitOnFlagUntilTimeout
                0x00000000080033a4       0xf4 ./Drivers/STM32F1xx_HAL_Driver/Src/stm32f1xx_hal_i2c.o
 .text.I2C_WaitOnMasterAddressFlagUntilTimeout
                0x0000000008003498      0x140 ./Drivers/STM32F1xx_HAL_Driver/Src/stm32f1xx_hal_i2c.o
 .text.I2C_WaitOnTXEFlagUntilTimeout
                0x00000000080035d8       0x90 ./Drivers/STM32F1xx_HAL_Driver/Src/stm32f1xx_hal_i2c.o
 .text.I2C_WaitOnBTFFlagUntilTimeout
                0x0000000008003668       0x90 ./Drivers/STM32F1xx_HAL_Driver/Src/stm32f1xx_hal_i2c.o
 .text.I2C_WaitOnRXNEFlagUntilTimeout
                0x00000000080036f8       0xba ./Drivers/STM32F1xx_HAL_Driver/Src/stm32f1xx_hal_i2c.o
 .text.I2C_IsAcknowledgeFailed
                0x00000000080037b2       0x5c ./Drivers/STM32F1xx_HAL_Driver/Src/stm32f1xx_hal_i2c.o
 *fill*         0x000000000800380e        0x2 
 .text.HAL_RCC_OscConfig
                0x0000000008003810      0x504 ./Drivers/STM32F1xx_HAL_Driver/Src/stm32f1xx_hal_rcc.o
                0x0000000008003810                HAL_RCC_OscConfig
 .text.HAL_RCC_ClockConfig
                0x0000000008003d14      0x1d4 ./Drivers/STM32F1xx_HAL_Driver/Src/stm32f1xx_hal_rcc.o
                0x0000000008003d14                HAL_RCC_ClockConfig
 .text.HAL_RCC_GetSysClockFreq
                0x0000000008003ee8       0xac ./Drivers/STM32F1xx_HAL_Driver/Src/stm32f1xx_hal_rcc.o
                0x0000000008003ee8                HAL_RCC_GetSysClockFreq
 .text.HAL_RCC_GetHCLKFreq
                0x0000000008003f94       0x14 ./Drivers/STM32F1xx_HAL_Driver/Src/stm32f1xx_hal_rcc.o
                0x0000000008003f94                HAL_RCC_GetHCLKFreq
 .text.HAL_RCC_GetPCLK1Freq
                0x0000000008003fa8       0x28 ./Drivers/STM32F1xx_HAL_Driver/Src/stm32f1xx_hal_rcc.o
                0x0000000008003fa8                HAL_RCC_GetPCLK1Freq
 .text.RCC_Delay
                0x0000000008003fd0       0x3c ./Drivers/STM32F1xx_HAL_Driver/Src/stm32f1xx_hal_rcc.o
 .text.HAL_RCCEx_PeriphCLKConfig
                0x000000000800400c      0x16c ./Drivers/STM32F1xx_HAL_Driver/Src/stm32f1xx_hal_rcc_ex.o
                0x000000000800400c                HAL_RCCEx_PeriphCLKConfig
 .text.HAL_SPI_Init
                0x0000000008004178      0x108 ./Drivers/STM32F1xx_HAL_Driver/Src/stm32f1xx_hal_spi.o
                0x0000000008004178                HAL_SPI_Init
 .text.HAL_TIM_Base_Init
                0x0000000008004280       0x9e ./Drivers/STM32F1xx_HAL_Driver/Src/stm32f1xx_hal_tim.o
                0x0000000008004280                HAL_TIM_Base_Init
 *fill*         0x000000000800431e        0x2 
 .text.HAL_TIM_Base_Start_IT
                0x0000000008004320       0xa4 ./Drivers/STM32F1xx_HAL_Driver/Src/stm32f1xx_hal_tim.o
                0x0000000008004320                HAL_TIM_Base_Start_IT
 .text.HAL_TIM_PWM_Init
                0x00000000080043c4       0x9e ./Drivers/STM32F1xx_HAL_Driver/Src/stm32f1xx_hal_tim.o
                0x00000000080043c4                HAL_TIM_PWM_Init
 .text.HAL_TIM_PWM_MspInit
                0x0000000008004462       0x12 ./Drivers/STM32F1xx_HAL_Driver/Src/stm32f1xx_hal_tim.o
                0x0000000008004462                HAL_TIM_PWM_MspInit
 .text.HAL_TIM_PWM_Start
                0x0000000008004474      0x144 ./Drivers/STM32F1xx_HAL_Driver/Src/stm32f1xx_hal_tim.o
                0x0000000008004474                HAL_TIM_PWM_Start
 .text.HAL_TIM_IRQHandler
                0x00000000080045b8      0x210 ./Drivers/STM32F1xx_HAL_Driver/Src/stm32f1xx_hal_tim.o
                0x00000000080045b8                HAL_TIM_IRQHandler
 .text.HAL_TIM_PWM_ConfigChannel
                0x00000000080047c8      0x184 ./Drivers/STM32F1xx_HAL_Driver/Src/stm32f1xx_hal_tim.o
                0x00000000080047c8                HAL_TIM_PWM_ConfigChannel
 .text.HAL_TIM_ConfigClockSource
                0x000000000800494c      0x18e ./Drivers/STM32F1xx_HAL_Driver/Src/stm32f1xx_hal_tim.o
                0x000000000800494c                HAL_TIM_ConfigClockSource
 .text.HAL_TIM_OC_DelayElapsedCallback
                0x0000000008004ada       0x12 ./Drivers/STM32F1xx_HAL_Driver/Src/stm32f1xx_hal_tim.o
                0x0000000008004ada                HAL_TIM_OC_DelayElapsedCallback
 .text.HAL_TIM_IC_CaptureCallback
                0x0000000008004aec       0x12 ./Drivers/STM32F1xx_HAL_Driver/Src/stm32f1xx_hal_tim.o
                0x0000000008004aec                HAL_TIM_IC_CaptureCallback
 .text.HAL_TIM_PWM_PulseFinishedCallback
                0x0000000008004afe       0x12 ./Drivers/STM32F1xx_HAL_Driver/Src/stm32f1xx_hal_tim.o
                0x0000000008004afe                HAL_TIM_PWM_PulseFinishedCallback
 .text.HAL_TIM_TriggerCallback
                0x0000000008004b10       0x12 ./Drivers/STM32F1xx_HAL_Driver/Src/stm32f1xx_hal_tim.o
                0x0000000008004b10                HAL_TIM_TriggerCallback
 *fill*         0x0000000008004b22        0x2 
 .text.TIM_Base_SetConfig
                0x0000000008004b24       0xc4 ./Drivers/STM32F1xx_HAL_Driver/Src/stm32f1xx_hal_tim.o
                0x0000000008004b24                TIM_Base_SetConfig
 .text.TIM_OC1_SetConfig
                0x0000000008004be8       0xcc ./Drivers/STM32F1xx_HAL_Driver/Src/stm32f1xx_hal_tim.o
 .text.TIM_OC2_SetConfig
                0x0000000008004cb4       0xd4 ./Drivers/STM32F1xx_HAL_Driver/Src/stm32f1xx_hal_tim.o
                0x0000000008004cb4                TIM_OC2_SetConfig
 .text.TIM_OC3_SetConfig
                0x0000000008004d88       0xd4 ./Drivers/STM32F1xx_HAL_Driver/Src/stm32f1xx_hal_tim.o
 .text.TIM_OC4_SetConfig
                0x0000000008004e5c       0x9c ./Drivers/STM32F1xx_HAL_Driver/Src/stm32f1xx_hal_tim.o
 .text.TIM_TI1_ConfigInputStage
                0x0000000008004ef8       0x5c ./Drivers/STM32F1xx_HAL_Driver/Src/stm32f1xx_hal_tim.o
 .text.TIM_TI2_ConfigInputStage
                0x0000000008004f54       0x5e ./Drivers/STM32F1xx_HAL_Driver/Src/stm32f1xx_hal_tim.o
 .text.TIM_ITRx_SetConfig
                0x0000000008004fb2       0x34 ./Drivers/STM32F1xx_HAL_Driver/Src/stm32f1xx_hal_tim.o
 .text.TIM_ETR_SetConfig
                0x0000000008004fe6       0x3e ./Drivers/STM32F1xx_HAL_Driver/Src/stm32f1xx_hal_tim.o
                0x0000000008004fe6                TIM_ETR_SetConfig
 .text.TIM_CCxChannelCmd
                0x0000000008005024       0x48 ./Drivers/STM32F1xx_HAL_Driver/Src/stm32f1xx_hal_tim.o
                0x0000000008005024                TIM_CCxChannelCmd
 .text.HAL_TIMEx_MasterConfigSynchronization
                0x000000000800506c       0xbc ./Drivers/STM32F1xx_HAL_Driver/Src/stm32f1xx_hal_tim_ex.o
                0x000000000800506c                HAL_TIMEx_MasterConfigSynchronization
 .text.HAL_TIMEx_ConfigBreakDeadTime
                0x0000000008005128       0xa2 ./Drivers/STM32F1xx_HAL_Driver/Src/stm32f1xx_hal_tim_ex.o
                0x0000000008005128                HAL_TIMEx_ConfigBreakDeadTime
 .text.HAL_TIMEx_CommutCallback
                0x00000000080051ca       0x12 ./Drivers/STM32F1xx_HAL_Driver/Src/stm32f1xx_hal_tim_ex.o
                0x00000000080051ca                HAL_TIMEx_CommutCallback
 .text.HAL_TIMEx_BreakCallback
                0x00000000080051dc       0x12 ./Drivers/STM32F1xx_HAL_Driver/Src/stm32f1xx_hal_tim_ex.o
                0x00000000080051dc                HAL_TIMEx_BreakCallback
 .text._ZdlPvj  0x00000000080051ee        0x4 c:/st/stm32cubeide_1.12.1/stm32cubeide/plugins/com.st.stm32cube.ide.mcu.externaltools.gnu-tools-for-stm32.10.3-2021.10.win32_1.0.200.202301161003/tools/bin/../lib/gcc/arm-none-eabi/10.3.1/../../../../arm-none-eabi/lib/thumb/v7-m/nofp\libstdc++_nano.a(del_ops.o)
                0x00000000080051ee                operator delete(void*, unsigned int)
 .text._ZdaPv   0x00000000080051f2        0x4 c:/st/stm32cubeide_1.12.1/stm32cubeide/plugins/com.st.stm32cube.ide.mcu.externaltools.gnu-tools-for-stm32.10.3-2021.10.win32_1.0.200.202301161003/tools/bin/../lib/gcc/arm-none-eabi/10.3.1/../../../../arm-none-eabi/lib/thumb/v7-m/nofp\libstdc++_nano.a(del_opv.o)
                0x00000000080051f2                operator delete[](void*)
 .text._Znwj    0x00000000080051f6       0x22 c:/st/stm32cubeide_1.12.1/stm32cubeide/plugins/com.st.stm32cube.ide.mcu.externaltools.gnu-tools-for-stm32.10.3-2021.10.win32_1.0.200.202301161003/tools/bin/../lib/gcc/arm-none-eabi/10.3.1/../../../../arm-none-eabi/lib/thumb/v7-m/nofp\libstdc++_nano.a(new_op.o)
                0x00000000080051f6                operator new(unsigned int)
 .text._Znaj    0x0000000008005218        0x4 c:/st/stm32cubeide_1.12.1/stm32cubeide/plugins/com.st.stm32cube.ide.mcu.externaltools.gnu-tools-for-stm32.10.3-2021.10.win32_1.0.200.202301161003/tools/bin/../lib/gcc/arm-none-eabi/10.3.1/../../../../arm-none-eabi/lib/thumb/v7-m/nofp\libstdc++_nano.a(new_opv.o)
                0x0000000008005218                operator new[](unsigned int)
 .text.__cxa_pure_virtual
                0x000000000800521c        0x6 c:/st/stm32cubeide_1.12.1/stm32cubeide/plugins/com.st.stm32cube.ide.mcu.externaltools.gnu-tools-for-stm32.10.3-2021.10.win32_1.0.200.202301161003/tools/bin/../lib/gcc/arm-none-eabi/10.3.1/../../../../arm-none-eabi/lib/thumb/v7-m/nofp\libstdc++_nano.a(pure.o)
                0x000000000800521c                __cxa_pure_virtual
 .text._ZdlPv   0x0000000008005222        0x4 c:/st/stm32cubeide_1.12.1/stm32cubeide/plugins/com.st.stm32cube.ide.mcu.externaltools.gnu-tools-for-stm32.10.3-2021.10.win32_1.0.200.202301161003/tools/bin/../lib/gcc/arm-none-eabi/10.3.1/../../../../arm-none-eabi/lib/thumb/v7-m/nofp\libstdc++_nano.a(del_op.o)
                0x0000000008005222                operator delete(void*)
 .text._ZN10__cxxabiv111__terminateEPFvvE
                0x0000000008005226        0x8 c:/st/stm32cubeide_1.12.1/stm32cubeide/plugins/com.st.stm32cube.ide.mcu.externaltools.gnu-tools-for-stm32.10.3-2021.10.win32_1.0.200.202301161003/tools/bin/../lib/gcc/arm-none-eabi/10.3.1/../../../../arm-none-eabi/lib/thumb/v7-m/nofp\libstdc++_nano.a(eh_terminate.o)
                0x0000000008005226                __cxxabiv1::__terminate(void (*)())
 *fill*         0x000000000800522e        0x2 
 .text._ZSt13get_terminatev
                0x0000000008005230       0x10 c:/st/stm32cubeide_1.12.1/stm32cubeide/plugins/com.st.stm32cube.ide.mcu.externaltools.gnu-tools-for-stm32.10.3-2021.10.win32_1.0.200.202301161003/tools/bin/../lib/gcc/arm-none-eabi/10.3.1/../../../../arm-none-eabi/lib/thumb/v7-m/nofp\libstdc++_nano.a(eh_terminate.o)
                0x0000000008005230                std::get_terminate()
 .text._ZSt9terminatev
                0x0000000008005240        0xa c:/st/stm32cubeide_1.12.1/stm32cubeide/plugins/com.st.stm32cube.ide.mcu.externaltools.gnu-tools-for-stm32.10.3-2021.10.win32_1.0.200.202301161003/tools/bin/../lib/gcc/arm-none-eabi/10.3.1/../../../../arm-none-eabi/lib/thumb/v7-m/nofp\libstdc++_nano.a(eh_terminate.o)
                0x0000000008005240                std::terminate()
 *fill*         0x000000000800524a        0x2 
 .text._ZSt15get_new_handlerv
                0x000000000800524c       0x10 c:/st/stm32cubeide_1.12.1/stm32cubeide/plugins/com.st.stm32cube.ide.mcu.externaltools.gnu-tools-for-stm32.10.3-2021.10.win32_1.0.200.202301161003/tools/bin/../lib/gcc/arm-none-eabi/10.3.1/../../../../arm-none-eabi/lib/thumb/v7-m/nofp\libstdc++_nano.a(new_handler.o)
                0x000000000800524c                std::get_new_handler()
 .text.abort    0x000000000800525c        0xe c:/st/stm32cubeide_1.12.1/stm32cubeide/plugins/com.st.stm32cube.ide.mcu.externaltools.gnu-tools-for-stm32.10.3-2021.10.win32_1.0.200.202301161003/tools/bin/../lib/gcc/arm-none-eabi/10.3.1/../../../../arm-none-eabi/lib/thumb/v7-m/nofp\libc_nano.a(lib_a-abort.o)
                0x000000000800525c                abort
 *fill*         0x000000000800526a        0x2 
 .text.__errno  0x000000000800526c        0xc c:/st/stm32cubeide_1.12.1/stm32cubeide/plugins/com.st.stm32cube.ide.mcu.externaltools.gnu-tools-for-stm32.10.3-2021.10.win32_1.0.200.202301161003/tools/bin/../lib/gcc/arm-none-eabi/10.3.1/../../../../arm-none-eabi/lib/thumb/v7-m/nofp\libc_nano.a(lib_a-errno.o)
                0x000000000800526c                __errno
 .text.__libc_init_array
                0x0000000008005278       0x48 c:/st/stm32cubeide_1.12.1/stm32cubeide/plugins/com.st.stm32cube.ide.mcu.externaltools.gnu-tools-for-stm32.10.3-2021.10.win32_1.0.200.202301161003/tools/bin/../lib/gcc/arm-none-eabi/10.3.1/../../../../arm-none-eabi/lib/thumb/v7-m/nofp\libc_nano.a(lib_a-init.o)
                0x0000000008005278                __libc_init_array
 .text.malloc   0x00000000080052c0       0x10 c:/st/stm32cubeide_1.12.1/stm32cubeide/plugins/com.st.stm32cube.ide.mcu.externaltools.gnu-tools-for-stm32.10.3-2021.10.win32_1.0.200.202301161003/tools/bin/../lib/gcc/arm-none-eabi/10.3.1/../../../../arm-none-eabi/lib/thumb/v7-m/nofp\libc_nano.a(lib_a-malloc.o)
                0x00000000080052c0                malloc
 .text.free     0x00000000080052d0       0x10 c:/st/stm32cubeide_1.12.1/stm32cubeide/plugins/com.st.stm32cube.ide.mcu.externaltools.gnu-tools-for-stm32.10.3-2021.10.win32_1.0.200.202301161003/tools/bin/../lib/gcc/arm-none-eabi/10.3.1/../../../../arm-none-eabi/lib/thumb/v7-m/nofp\libc_nano.a(lib_a-malloc.o)
                0x00000000080052d0                free
 .text.memset   0x00000000080052e0       0x10 c:/st/stm32cubeide_1.12.1/stm32cubeide/plugins/com.st.stm32cube.ide.mcu.externaltools.gnu-tools-for-stm32.10.3-2021.10.win32_1.0.200.202301161003/tools/bin/../lib/gcc/arm-none-eabi/10.3.1/../../../../arm-none-eabi/lib/thumb/v7-m/nofp\libc_nano.a(lib_a-memset.o)
                0x00000000080052e0                memset
 .text._free_r  0x00000000080052f0       0x90 c:/st/stm32cubeide_1.12.1/stm32cubeide/plugins/com.st.stm32cube.ide.mcu.externaltools.gnu-tools-for-stm32.10.3-2021.10.win32_1.0.200.202301161003/tools/bin/../lib/gcc/arm-none-eabi/10.3.1/../../../../arm-none-eabi/lib/thumb/v7-m/nofp\libc_nano.a(lib_a-nano-freer.o)
                0x00000000080052f0                _free_r
 .text.sbrk_aligned
                0x0000000008005380       0x40 c:/st/stm32cubeide_1.12.1/stm32cubeide/plugins/com.st.stm32cube.ide.mcu.externaltools.gnu-tools-for-stm32.10.3-2021.10.win32_1.0.200.202301161003/tools/bin/../lib/gcc/arm-none-eabi/10.3.1/../../../../arm-none-eabi/lib/thumb/v7-m/nofp\libc_nano.a(lib_a-nano-mallocr.o)
 .text._malloc_r
                0x00000000080053c0       0xe8 c:/st/stm32cubeide_1.12.1/stm32cubeide/plugins/com.st.stm32cube.ide.mcu.externaltools.gnu-tools-for-stm32.10.3-2021.10.win32_1.0.200.202301161003/tools/bin/../lib/gcc/arm-none-eabi/10.3.1/../../../../arm-none-eabi/lib/thumb/v7-m/nofp\libc_nano.a(lib_a-nano-mallocr.o)
                0x00000000080053c0                _malloc_r
 .text._sbrk_r  0x00000000080054a8       0x20 c:/st/stm32cubeide_1.12.1/stm32cubeide/plugins/com.st.stm32cube.ide.mcu.externaltools.gnu-tools-for-stm32.10.3-2021.10.win32_1.0.200.202301161003/tools/bin/../lib/gcc/arm-none-eabi/10.3.1/../../../../arm-none-eabi/lib/thumb/v7-m/nofp\libc_nano.a(lib_a-sbrkr.o)
                0x00000000080054a8                _sbrk_r
 .text._raise_r
                0x00000000080054c8       0x50 c:/st/stm32cubeide_1.12.1/stm32cubeide/plugins/com.st.stm32cube.ide.mcu.externaltools.gnu-tools-for-stm32.10.3-2021.10.win32_1.0.200.202301161003/tools/bin/../lib/gcc/arm-none-eabi/10.3.1/../../../../arm-none-eabi/lib/thumb/v7-m/nofp\libc_nano.a(lib_a-signal.o)
                0x00000000080054c8                _raise_r
 .text.raise    0x0000000008005518       0x10 c:/st/stm32cubeide_1.12.1/stm32cubeide/plugins/com.st.stm32cube.ide.mcu.externaltools.gnu-tools-for-stm32.10.3-2021.10.win32_1.0.200.202301161003/tools/bin/../lib/gcc/arm-none-eabi/10.3.1/../../../../arm-none-eabi/lib/thumb/v7-m/nofp\libc_nano.a(lib_a-signal.o)
                0x0000000008005518                raise
 .text._kill_r  0x0000000008005528       0x24 c:/st/stm32cubeide_1.12.1/stm32cubeide/plugins/com.st.stm32cube.ide.mcu.externaltools.gnu-tools-for-stm32.10.3-2021.10.win32_1.0.200.202301161003/tools/bin/../lib/gcc/arm-none-eabi/10.3.1/../../../../arm-none-eabi/lib/thumb/v7-m/nofp\libc_nano.a(lib_a-signalr.o)
                0x0000000008005528                _kill_r
 .text._getpid_r
                0x000000000800554c        0x4 c:/st/stm32cubeide_1.12.1/stm32cubeide/plugins/com.st.stm32cube.ide.mcu.externaltools.gnu-tools-for-stm32.10.3-2021.10.win32_1.0.200.202301161003/tools/bin/../lib/gcc/arm-none-eabi/10.3.1/../../../../arm-none-eabi/lib/thumb/v7-m/nofp\libc_nano.a(lib_a-signalr.o)
                0x000000000800554c                _getpid_r
 .text.strcpy   0x0000000008005550       0x10 c:/st/stm32cubeide_1.12.1/stm32cubeide/plugins/com.st.stm32cube.ide.mcu.externaltools.gnu-tools-for-stm32.10.3-2021.10.win32_1.0.200.202301161003/tools/bin/../lib/gcc/arm-none-eabi/10.3.1/../../../../arm-none-eabi/lib/thumb/v7-m/nofp\libc_nano.a(lib_a-strcpy.o)
                0x0000000008005550                strcpy
 .text.__malloc_lock
                0x0000000008005560        0xc c:/st/stm32cubeide_1.12.1/stm32cubeide/plugins/com.st.stm32cube.ide.mcu.externaltools.gnu-tools-for-stm32.10.3-2021.10.win32_1.0.200.202301161003/tools/bin/../lib/gcc/arm-none-eabi/10.3.1/../../../../arm-none-eabi/lib/thumb/v7-m/nofp\libc_nano.a(lib_a-mlock.o)
                0x0000000008005560                __malloc_lock
 .text.__malloc_unlock
                0x000000000800556c        0xc c:/st/stm32cubeide_1.12.1/stm32cubeide/plugins/com.st.stm32cube.ide.mcu.externaltools.gnu-tools-for-stm32.10.3-2021.10.win32_1.0.200.202301161003/tools/bin/../lib/gcc/arm-none-eabi/10.3.1/../../../../arm-none-eabi/lib/thumb/v7-m/nofp\libc_nano.a(lib_a-mlock.o)
                0x000000000800556c                __malloc_unlock
 .text.__retarget_lock_acquire_recursive
                0x0000000008005578        0x2 c:/st/stm32cubeide_1.12.1/stm32cubeide/plugins/com.st.stm32cube.ide.mcu.externaltools.gnu-tools-for-stm32.10.3-2021.10.win32_1.0.200.202301161003/tools/bin/../lib/gcc/arm-none-eabi/10.3.1/../../../../arm-none-eabi/lib/thumb/v7-m/nofp\libc_nano.a(lib_a-lock.o)
                0x0000000008005578                __retarget_lock_acquire_recursive
 .text.__retarget_lock_release_recursive
                0x000000000800557a        0x2 c:/st/stm32cubeide_1.12.1/stm32cubeide/plugins/com.st.stm32cube.ide.mcu.externaltools.gnu-tools-for-stm32.10.3-2021.10.win32_1.0.200.202301161003/tools/bin/../lib/gcc/arm-none-eabi/10.3.1/../../../../arm-none-eabi/lib/thumb/v7-m/nofp\libc_nano.a(lib_a-lock.o)
                0x000000000800557a                __retarget_lock_release_recursive
 *(.glue_7)
 .glue_7        0x000000000800557c        0x0 linker stubs
 *(.glue_7t)
 .glue_7t       0x000000000800557c        0x0 linker stubs
 *(.eh_frame)
 .eh_frame      0x000000000800557c        0x0 c:/st/stm32cubeide_1.12.1/stm32cubeide/plugins/com.st.stm32cube.ide.mcu.externaltools.gnu-tools-for-stm32.10.3-2021.10.win32_1.0.200.202301161003/tools/bin/../lib/gcc/arm-none-eabi/10.3.1/thumb/v7-m/nofp/crtbegin.o
 *(.init)
 .init          0x000000000800557c        0x4 c:/st/stm32cubeide_1.12.1/stm32cubeide/plugins/com.st.stm32cube.ide.mcu.externaltools.gnu-tools-for-stm32.10.3-2021.10.win32_1.0.200.202301161003/tools/bin/../lib/gcc/arm-none-eabi/10.3.1/thumb/v7-m/nofp/crti.o
                0x000000000800557c                _init
 .init          0x0000000008005580        0x8 c:/st/stm32cubeide_1.12.1/stm32cubeide/plugins/com.st.stm32cube.ide.mcu.externaltools.gnu-tools-for-stm32.10.3-2021.10.win32_1.0.200.202301161003/tools/bin/../lib/gcc/arm-none-eabi/10.3.1/thumb/v7-m/nofp/crtn.o
 *(.fini)
 .fini          0x0000000008005588        0x4 c:/st/stm32cubeide_1.12.1/stm32cubeide/plugins/com.st.stm32cube.ide.mcu.externaltools.gnu-tools-for-stm32.10.3-2021.10.win32_1.0.200.202301161003/tools/bin/../lib/gcc/arm-none-eabi/10.3.1/thumb/v7-m/nofp/crti.o
                0x0000000008005588                _fini
 .fini          0x000000000800558c        0x8 c:/st/stm32cubeide_1.12.1/stm32cubeide/plugins/com.st.stm32cube.ide.mcu.externaltools.gnu-tools-for-stm32.10.3-2021.10.win32_1.0.200.202301161003/tools/bin/../lib/gcc/arm-none-eabi/10.3.1/thumb/v7-m/nofp/crtn.o
                0x0000000008005594                . = ALIGN (0x4)
                0x0000000008005594                _etext = .

.vfp11_veneer   0x0000000008005594        0x0
 .vfp11_veneer  0x0000000008005594        0x0 linker stubs

.v4_bx          0x0000000008005594        0x0
 .v4_bx         0x0000000008005594        0x0 linker stubs

.iplt           0x0000000008005594        0x0
 .iplt          0x0000000008005594        0x0 c:/st/stm32cubeide_1.12.1/stm32cubeide/plugins/com.st.stm32cube.ide.mcu.externaltools.gnu-tools-for-stm32.10.3-2021.10.win32_1.0.200.202301161003/tools/bin/../lib/gcc/arm-none-eabi/10.3.1/thumb/v7-m/nofp/crtbegin.o

.rodata         0x0000000008005594      0x974
                0x0000000008005594                . = ALIGN (0x4)
 *(.rodata)
 .rodata        0x0000000008005594       0x26 ./Application/Src/display/screens.o
 *fill*         0x00000000080055ba        0x2 
 .rodata        0x00000000080055bc        0x2 ./Application/Src/display/screens/scroll.o
 *(.rodata*)
 *fill*         0x00000000080055be        0x2 
 .rodata._ZL7bm_logo
                0x00000000080055c0      0x100 ./Application/Src/display/screens.o
 .rodata._ZTV6Action
                0x00000000080056c0       0x10 ./Application/Src/display/options/action.o
                0x00000000080056c0                vtable for Action
 .rodata._ZL9bm_scroll
                0x00000000080056d0       0x30 ./Application/Src/display/screens/scroll.o
 .rodata._ZTV6Scroll
                0x0000000008005700       0x1c ./Application/Src/display/screens/scroll.o
                0x0000000008005700                vtable for Scroll
 .rodata._ZTV6Option
                0x000000000800571c       0x10 ./Application/Src/display/templates/option.o
                0x000000000800571c                vtable for Option
 .rodata._ZTV6Screen
                0x000000000800572c       0x1c ./Application/Src/display/templates/screen.o
                0x000000000800572c                vtable for Screen
 .rodata._ZTV5Title
                0x0000000008005748       0x14 ./Application/Src/display/templates/title.o
                0x0000000008005748                vtable for Title
 .rodata._ZTV5Image
                0x000000000800575c       0x14 ./Application/Src/display/titles/image.o
                0x000000000800575c                vtable for Image
 .rodata.Font7x10
                0x0000000008005770      0x76c ./Application/Src/lib/ssd1306_fonts.o
 .rodata.AHBPrescTable
                0x0000000008005edc       0x10 ./Core/Src/system_stm32f1xx.o
                0x0000000008005edc                AHBPrescTable
 .rodata.APBPrescTable
                0x0000000008005eec        0x8 ./Core/Src/system_stm32f1xx.o
                0x0000000008005eec                APBPrescTable
 .rodata.aPLLMULFactorTable.1
                0x0000000008005ef4       0x10 ./Drivers/STM32F1xx_HAL_Driver/Src/stm32f1xx_hal_rcc.o
 .rodata.aPredivFactorTable.0
                0x0000000008005f04        0x2 ./Drivers/STM32F1xx_HAL_Driver/Src/stm32f1xx_hal_rcc.o
                0x0000000008005f08                . = ALIGN (0x4)
 *fill*         0x0000000008005f06        0x2 

.rel.dyn        0x0000000008005f08        0x0
 .rel.iplt      0x0000000008005f08        0x0 c:/st/stm32cubeide_1.12.1/stm32cubeide/plugins/com.st.stm32cube.ide.mcu.externaltools.gnu-tools-for-stm32.10.3-2021.10.win32_1.0.200.202301161003/tools/bin/../lib/gcc/arm-none-eabi/10.3.1/thumb/v7-m/nofp/crtbegin.o

.ARM.extab      0x0000000008005f08        0x0
                0x0000000008005f08                . = ALIGN (0x4)
 *(.ARM.extab* .gnu.linkonce.armextab.*)
                0x0000000008005f08                . = ALIGN (0x4)

.ARM            0x0000000008005f08        0x0
                0x0000000008005f08                . = ALIGN (0x4)
                0x0000000008005f08                __exidx_start = .
 *(.ARM.exidx*)
                0x0000000008005f08                __exidx_end = .
                0x0000000008005f08                . = ALIGN (0x4)

.preinit_array  0x0000000008005f08        0x0
                0x0000000008005f08                . = ALIGN (0x4)
                0x0000000008005f08                PROVIDE (__preinit_array_start = .)
 *(.preinit_array*)
                0x0000000008005f08                PROVIDE (__preinit_array_end = .)
                0x0000000008005f08                . = ALIGN (0x4)

.init_array     0x0000000008005f08        0x4
                0x0000000008005f08                . = ALIGN (0x4)
                0x0000000008005f08                PROVIDE (__init_array_start = .)
 *(SORT_BY_NAME(.init_array.*))
 *(.init_array*)
 .init_array    0x0000000008005f08        0x4 c:/st/stm32cubeide_1.12.1/stm32cubeide/plugins/com.st.stm32cube.ide.mcu.externaltools.gnu-tools-for-stm32.10.3-2021.10.win32_1.0.200.202301161003/tools/bin/../lib/gcc/arm-none-eabi/10.3.1/thumb/v7-m/nofp/crtbegin.o
                0x0000000008005f0c                PROVIDE (__init_array_end = .)
                0x0000000008005f0c                . = ALIGN (0x4)

.fini_array     0x0000000008005f0c        0x4
                0x0000000008005f0c                . = ALIGN (0x4)
                [!provide]                        PROVIDE (__fini_array_start = .)
 *(SORT_BY_NAME(.fini_array.*))
 *(.fini_array*)
 .fini_array    0x0000000008005f0c        0x4 c:/st/stm32cubeide_1.12.1/stm32cubeide/plugins/com.st.stm32cube.ide.mcu.externaltools.gnu-tools-for-stm32.10.3-2021.10.win32_1.0.200.202301161003/tools/bin/../lib/gcc/arm-none-eabi/10.3.1/thumb/v7-m/nofp/crtbegin.o
                [!provide]                        PROVIDE (__fini_array_end = .)
                0x0000000008005f10                . = ALIGN (0x4)
                0x0000000008005f10                _sidata = LOADADDR (.data)

.data           0x0000000020000000       0x84 load address 0x0000000008005f10
                0x0000000020000000                . = ALIGN (0x4)
                0x0000000020000000                _sdata = .
 *(.data)
 *(.data*)
 .data.variables
                0x0000000020000000        0x6 ./Application/Src/eeprom.o
 *fill*         0x0000000020000006        0x2 
 .data.Font_7x10
                0x0000000020000008        0x8 ./Application/Src/lib/ssd1306_fonts.o
                0x0000000020000008                Font_7x10
 .data.SystemCoreClock
                0x0000000020000010        0x4 ./Core/Src/system_stm32f1xx.o
                0x0000000020000010                SystemCoreClock
 .data.uwTickPrio
                0x0000000020000014        0x4 ./Drivers/STM32F1xx_HAL_Driver/Src/stm32f1xx_hal.o
                0x0000000020000014                uwTickPrio
 .data.uwTickFreq
                0x0000000020000018        0x1 ./Drivers/STM32F1xx_HAL_Driver/Src/stm32f1xx_hal.o
                0x0000000020000018                uwTickFreq
 *fill*         0x0000000020000019        0x3 
 .data._ZN10__cxxabiv119__terminate_handlerE
                0x000000002000001c        0x4 c:/st/stm32cubeide_1.12.1/stm32cubeide/plugins/com.st.stm32cube.ide.mcu.externaltools.gnu-tools-for-stm32.10.3-2021.10.win32_1.0.200.202301161003/tools/bin/../lib/gcc/arm-none-eabi/10.3.1/../../../../arm-none-eabi/lib/thumb/v7-m/nofp\libstdc++_nano.a(eh_term_handler.o)
                0x000000002000001c                __cxxabiv1::__terminate_handler
 .data._impure_ptr
                0x0000000020000020        0x4 c:/st/stm32cubeide_1.12.1/stm32cubeide/plugins/com.st.stm32cube.ide.mcu.externaltools.gnu-tools-for-stm32.10.3-2021.10.win32_1.0.200.202301161003/tools/bin/../lib/gcc/arm-none-eabi/10.3.1/../../../../arm-none-eabi/lib/thumb/v7-m/nofp\libc_nano.a(lib_a-impure.o)
                0x0000000020000020                _impure_ptr
 .data.impure_data
                0x0000000020000024       0x60 c:/st/stm32cubeide_1.12.1/stm32cubeide/plugins/com.st.stm32cube.ide.mcu.externaltools.gnu-tools-for-stm32.10.3-2021.10.win32_1.0.200.202301161003/tools/bin/../lib/gcc/arm-none-eabi/10.3.1/../../../../arm-none-eabi/lib/thumb/v7-m/nofp\libc_nano.a(lib_a-impure.o)
 *(.RamFunc)
 *(.RamFunc*)
                0x0000000020000084                . = ALIGN (0x4)
                0x0000000020000084                _edata = .

.igot.plt       0x0000000020000084        0x0 load address 0x0000000008005f94
 .igot.plt      0x0000000020000084        0x0 c:/st/stm32cubeide_1.12.1/stm32cubeide/plugins/com.st.stm32cube.ide.mcu.externaltools.gnu-tools-for-stm32.10.3-2021.10.win32_1.0.200.202301161003/tools/bin/../lib/gcc/arm-none-eabi/10.3.1/thumb/v7-m/nofp/crtbegin.o
                0x0000000020000084                . = ALIGN (0x4)

.bss            0x0000000020000084      0x664 load address 0x0000000008005f94
                0x0000000020000084                _sbss = .
                0x0000000020000084                __bss_start__ = _sbss
 *(.bss)
 .bss           0x0000000020000084       0x1c c:/st/stm32cubeide_1.12.1/stm32cubeide/plugins/com.st.stm32cube.ide.mcu.externaltools.gnu-tools-for-stm32.10.3-2021.10.win32_1.0.200.202301161003/tools/bin/../lib/gcc/arm-none-eabi/10.3.1/thumb/v7-m/nofp/crtbegin.o
 *(.bss*)
 .bss.var_addr  0x00000000200000a0        0x0 ./Application/Src/eeprom.o
 .bss.mem_buf   0x00000000200000a0        0x0 ./Application/Src/eeprom.o
 .bss.btn_state
                0x00000000200000a0        0x4 ./Application/Src/input.o
 .bss.btn_latch
                0x00000000200000a4        0x4 ./Application/Src/input.o
 .bss._ZL10page_stack
                0x00000000200000a8       0x10 ./Application/Src/display/display.o
 .bss._ZL11stack_depth
                0x00000000200000b8        0x1 ./Application/Src/display/display.o
 *fill*         0x00000000200000b9        0x3 
 .bss.SSD1306_Buffer
                0x00000000200000bc      0x400 ./Application/Src/lib/ssd1306.o
 .bss.SSD1306   0x00000000200004bc        0x6 ./Application/Src/lib/ssd1306.o
 *fill*         0x00000000200004c2        0x2 
 .bss.hadc1     0x00000000200004c4       0x30 ./Core/Src/main.o
                0x00000000200004c4                hadc1
 .bss.hi2c1     0x00000000200004f4       0x54 ./Core/Src/main.o
                0x00000000200004f4                hi2c1
 .bss.hi2c2     0x0000000020000548       0x54 ./Core/Src/main.o
                0x0000000020000548                hi2c2
 .bss.hspi2     0x000000002000059c       0x58 ./Core/Src/main.o
                0x000000002000059c                hspi2
 .bss.htim1     0x00000000200005f4       0x48 ./Core/Src/main.o
                0x00000000200005f4                htim1
 .bss.htim2     0x000000002000063c       0x48 ./Core/Src/main.o
                0x000000002000063c                htim2
 .bss.htim3     0x0000000020000684       0x48 ./Core/Src/main.o
                0x0000000020000684                htim3
 .bss.__sbrk_heap_end
                0x00000000200006cc        0x4 ./Core/Src/sysmem.o
 .bss.uwTick    0x00000000200006d0        0x4 ./Drivers/STM32F1xx_HAL_Driver/Src/stm32f1xx_hal.o
                0x00000000200006d0                uwTick
 .bss._ZN12_GLOBAL__N_113__new_handlerE
                0x00000000200006d4        0x4 c:/st/stm32cubeide_1.12.1/stm32cubeide/plugins/com.st.stm32cube.ide.mcu.externaltools.gnu-tools-for-stm32.10.3-2021.10.win32_1.0.200.202301161003/tools/bin/../lib/gcc/arm-none-eabi/10.3.1/../../../../arm-none-eabi/lib/thumb/v7-m/nofp\libstdc++_nano.a(new_handler.o)
 .bss.__malloc_free_list
                0x00000000200006d8        0x4 c:/st/stm32cubeide_1.12.1/stm32cubeide/plugins/com.st.stm32cube.ide.mcu.externaltools.gnu-tools-for-stm32.10.3-2021.10.win32_1.0.200.202301161003/tools/bin/../lib/gcc/arm-none-eabi/10.3.1/../../../../arm-none-eabi/lib/thumb/v7-m/nofp\libc_nano.a(lib_a-nano-mallocr.o)
                0x00000000200006d8                __malloc_free_list
 .bss.__malloc_sbrk_start
                0x00000000200006dc        0x4 c:/st/stm32cubeide_1.12.1/stm32cubeide/plugins/com.st.stm32cube.ide.mcu.externaltools.gnu-tools-for-stm32.10.3-2021.10.win32_1.0.200.202301161003/tools/bin/../lib/gcc/arm-none-eabi/10.3.1/../../../../arm-none-eabi/lib/thumb/v7-m/nofp\libc_nano.a(lib_a-nano-mallocr.o)
                0x00000000200006dc                __malloc_sbrk_start
 .bss.errno     0x00000000200006e0        0x4 c:/st/stm32cubeide_1.12.1/stm32cubeide/plugins/com.st.stm32cube.ide.mcu.externaltools.gnu-tools-for-stm32.10.3-2021.10.win32_1.0.200.202301161003/tools/bin/../lib/gcc/arm-none-eabi/10.3.1/../../../../arm-none-eabi/lib/thumb/v7-m/nofp\libc_nano.a(lib_a-reent.o)
                0x00000000200006e0                errno
 .bss.__lock___malloc_recursive_mutex
                0x00000000200006e4        0x1 c:/st/stm32cubeide_1.12.1/stm32cubeide/plugins/com.st.stm32cube.ide.mcu.externaltools.gnu-tools-for-stm32.10.3-2021.10.win32_1.0.200.202301161003/tools/bin/../lib/gcc/arm-none-eabi/10.3.1/../../../../arm-none-eabi/lib/thumb/v7-m/nofp\libc_nano.a(lib_a-lock.o)
                0x00000000200006e4                __lock___malloc_recursive_mutex
 *(COMMON)
                0x00000000200006e8                . = ALIGN (0x4)
 *fill*         0x00000000200006e5        0x3 
                0x00000000200006e8                _ebss = .
                0x00000000200006e8                __bss_end__ = _ebss

._user_heap_stack
                0x00000000200006e8      0x600 load address 0x0000000008005f94
                0x00000000200006e8                . = ALIGN (0x8)
                [!provide]                        PROVIDE (end = .)
                0x00000000200006e8                PROVIDE (_end = .)
                0x00000000200008e8                . = (. + _Min_Heap_Size)
 *fill*         0x00000000200006e8      0x200 
                0x0000000020000ce8                . = (. + _Min_Stack_Size)
 *fill*         0x00000000200008e8      0x400 
                0x0000000020000ce8                . = ALIGN (0x8)

/DISCARD/
 libc.a(*)
 libm.a(*)
 libgcc.a(*)

.ARM.attributes
                0x0000000000000000       0x29
 *(.ARM.attributes)
 .ARM.attributes
                0x0000000000000000       0x1d c:/st/stm32cubeide_1.12.1/stm32cubeide/plugins/com.st.stm32cube.ide.mcu.externaltools.gnu-tools-for-stm32.10.3-2021.10.win32_1.0.200.202301161003/tools/bin/../lib/gcc/arm-none-eabi/10.3.1/thumb/v7-m/nofp/crti.o
 .ARM.attributes
                0x000000000000001d       0x2d c:/st/stm32cubeide_1.12.1/stm32cubeide/plugins/com.st.stm32cube.ide.mcu.externaltools.gnu-tools-for-stm32.10.3-2021.10.win32_1.0.200.202301161003/tools/bin/../lib/gcc/arm-none-eabi/10.3.1/thumb/v7-m/nofp/crtbegin.o
 .ARM.attributes
                0x000000000000004a       0x2d ./Application/Src/control.o
 .ARM.attributes
                0x0000000000000077       0x2d ./Application/Src/eeprom.o
 .ARM.attributes
                0x00000000000000a4       0x2d ./Application/Src/input.o
 .ARM.attributes
                0x00000000000000d1       0x2d ./Application/Src/signal.o
 .ARM.attributes
                0x00000000000000fe       0x2d ./Application/Src/display/display.o
 .ARM.attributes
                0x000000000000012b       0x2d ./Application/Src/display/screens.o
 .ARM.attributes
                0x0000000000000158       0x2d ./Application/Src/display/options/action.o
 .ARM.attributes
                0x0000000000000185       0x2d ./Application/Src/display/screens/scroll.o
 .ARM.attributes
                0x00000000000001b2       0x2d ./Application/Src/display/templates/option.o
 .ARM.attributes
                0x00000000000001df       0x2d ./Application/Src/display/templates/screen.o
 .ARM.attributes
                0x000000000000020c       0x2d ./Application/Src/display/templates/title.o
 .ARM.attributes
                0x0000000000000239       0x2d ./Application/Src/display/titles/image.o
 .ARM.attributes
                0x0000000000000266       0x2d ./Application/Src/lib/i2c_eeprom.o
 .ARM.attributes
                0x0000000000000293       0x2d ./Application/Src/lib/ssd1306.o
 .ARM.attributes
                0x00000000000002c0       0x2d ./Application/Src/lib/ssd1306_fonts.o
 .ARM.attributes
                0x00000000000002ed       0x2d ./Core/Src/main.o
 .ARM.attributes
                0x000000000000031a       0x2d ./Core/Src/stm32f1xx_hal_msp.o
 .ARM.attributes
                0x0000000000000347       0x2d ./Core/Src/stm32f1xx_it.o
 .ARM.attributes
                0x0000000000000374       0x2d ./Core/Src/syscalls.o
 .ARM.attributes
                0x00000000000003a1       0x2d ./Core/Src/sysmem.o
 .ARM.attributes
                0x00000000000003ce       0x2d ./Core/Src/system_stm32f1xx.o
 .ARM.attributes
                0x00000000000003fb       0x21 ./Core/Startup/startup_stm32f103c8tx.o
 .ARM.attributes
                0x000000000000041c       0x2d ./Drivers/STM32F1xx_HAL_Driver/Src/stm32f1xx_hal.o
 .ARM.attributes
                0x0000000000000449       0x2d ./Drivers/STM32F1xx_HAL_Driver/Src/stm32f1xx_hal_adc.o
 .ARM.attributes
                0x0000000000000476       0x2d ./Drivers/STM32F1xx_HAL_Driver/Src/stm32f1xx_hal_cortex.o
 .ARM.attributes
                0x00000000000004a3       0x2d ./Drivers/STM32F1xx_HAL_Driver/Src/stm32f1xx_hal_gpio.o
 .ARM.attributes
                0x00000000000004d0       0x2d ./Drivers/STM32F1xx_HAL_Driver/Src/stm32f1xx_hal_i2c.o
 .ARM.attributes
                0x00000000000004fd       0x2d ./Drivers/STM32F1xx_HAL_Driver/Src/stm32f1xx_hal_rcc.o
 .ARM.attributes
                0x000000000000052a       0x2d ./Drivers/STM32F1xx_HAL_Driver/Src/stm32f1xx_hal_rcc_ex.o
 .ARM.attributes
                0x0000000000000557       0x2d ./Drivers/STM32F1xx_HAL_Driver/Src/stm32f1xx_hal_spi.o
 .ARM.attributes
                0x0000000000000584       0x2d ./Drivers/STM32F1xx_HAL_Driver/Src/stm32f1xx_hal_tim.o
 .ARM.attributes
                0x00000000000005b1       0x2d ./Drivers/STM32F1xx_HAL_Driver/Src/stm32f1xx_hal_tim_ex.o
 .ARM.attributes
                0x00000000000005de       0x2d c:/st/stm32cubeide_1.12.1/stm32cubeide/plugins/com.st.stm32cube.ide.mcu.externaltools.gnu-tools-for-stm32.10.3-2021.10.win32_1.0.200.202301161003/tools/bin/../lib/gcc/arm-none-eabi/10.3.1/../../../../arm-none-eabi/lib/thumb/v7-m/nofp\libstdc++_nano.a(del_ops.o)
 .ARM.attributes
                0x000000000000060b       0x2d c:/st/stm32cubeide_1.12.1/stm32cubeide/plugins/com.st.stm32cube.ide.mcu.externaltools.gnu-tools-for-stm32.10.3-2021.10.win32_1.0.200.202301161003/tools/bin/../lib/gcc/arm-none-eabi/10.3.1/../../../../arm-none-eabi/lib/thumb/v7-m/nofp\libstdc++_nano.a(del_opv.o)
 .ARM.attributes
                0x0000000000000638       0x2d c:/st/stm32cubeide_1.12.1/stm32cubeide/plugins/com.st.stm32cube.ide.mcu.externaltools.gnu-tools-for-stm32.10.3-2021.10.win32_1.0.200.202301161003/tools/bin/../lib/gcc/arm-none-eabi/10.3.1/../../../../arm-none-eabi/lib/thumb/v7-m/nofp\libstdc++_nano.a(new_op.o)
 .ARM.attributes
                0x0000000000000665       0x2d c:/st/stm32cubeide_1.12.1/stm32cubeide/plugins/com.st.stm32cube.ide.mcu.externaltools.gnu-tools-for-stm32.10.3-2021.10.win32_1.0.200.202301161003/tools/bin/../lib/gcc/arm-none-eabi/10.3.1/../../../../arm-none-eabi/lib/thumb/v7-m/nofp\libstdc++_nano.a(new_opv.o)
 .ARM.attributes
                0x0000000000000692       0x2d c:/st/stm32cubeide_1.12.1/stm32cubeide/plugins/com.st.stm32cube.ide.mcu.externaltools.gnu-tools-for-stm32.10.3-2021.10.win32_1.0.200.202301161003/tools/bin/../lib/gcc/arm-none-eabi/10.3.1/../../../../arm-none-eabi/lib/thumb/v7-m/nofp\libstdc++_nano.a(pure.o)
 .ARM.attributes
                0x00000000000006bf       0x2d c:/st/stm32cubeide_1.12.1/stm32cubeide/plugins/com.st.stm32cube.ide.mcu.externaltools.gnu-tools-for-stm32.10.3-2021.10.win32_1.0.200.202301161003/tools/bin/../lib/gcc/arm-none-eabi/10.3.1/../../../../arm-none-eabi/lib/thumb/v7-m/nofp\libstdc++_nano.a(del_op.o)
 .ARM.attributes
                0x00000000000006ec       0x2d c:/st/stm32cubeide_1.12.1/stm32cubeide/plugins/com.st.stm32cube.ide.mcu.externaltools.gnu-tools-for-stm32.10.3-2021.10.win32_1.0.200.202301161003/tools/bin/../lib/gcc/arm-none-eabi/10.3.1/../../../../arm-none-eabi/lib/thumb/v7-m/nofp\libstdc++_nano.a(eh_terminate.o)
 .ARM.attributes
                0x0000000000000719       0x2d c:/st/stm32cubeide_1.12.1/stm32cubeide/plugins/com.st.stm32cube.ide.mcu.externaltools.gnu-tools-for-stm32.10.3-2021.10.win32_1.0.200.202301161003/tools/bin/../lib/gcc/arm-none-eabi/10.3.1/../../../../arm-none-eabi/lib/thumb/v7-m/nofp\libstdc++_nano.a(new_handler.o)
 .ARM.attributes
                0x0000000000000746       0x2d c:/st/stm32cubeide_1.12.1/stm32cubeide/plugins/com.st.stm32cube.ide.mcu.externaltools.gnu-tools-for-stm32.10.3-2021.10.win32_1.0.200.202301161003/tools/bin/../lib/gcc/arm-none-eabi/10.3.1/../../../../arm-none-eabi/lib/thumb/v7-m/nofp\libstdc++_nano.a(eh_term_handler.o)
 .ARM.attributes
                0x0000000000000773       0x2d c:/st/stm32cubeide_1.12.1/stm32cubeide/plugins/com.st.stm32cube.ide.mcu.externaltools.gnu-tools-for-stm32.10.3-2021.10.win32_1.0.200.202301161003/tools/bin/../lib/gcc/arm-none-eabi/10.3.1/../../../../arm-none-eabi/lib/thumb/v7-m/nofp\libc_nano.a(lib_a-abort.o)
 .ARM.attributes
                0x00000000000007a0       0x2d c:/st/stm32cubeide_1.12.1/stm32cubeide/plugins/com.st.stm32cube.ide.mcu.externaltools.gnu-tools-for-stm32.10.3-2021.10.win32_1.0.200.202301161003/tools/bin/../lib/gcc/arm-none-eabi/10.3.1/../../../../arm-none-eabi/lib/thumb/v7-m/nofp\libc_nano.a(lib_a-errno.o)
 .ARM.attributes
                0x00000000000007cd       0x2d c:/st/stm32cubeide_1.12.1/stm32cubeide/plugins/com.st.stm32cube.ide.mcu.externaltools.gnu-tools-for-stm32.10.3-2021.10.win32_1.0.200.202301161003/tools/bin/../lib/gcc/arm-none-eabi/10.3.1/../../../../arm-none-eabi/lib/thumb/v7-m/nofp\libc_nano.a(lib_a-impure.o)
 .ARM.attributes
                0x00000000000007fa       0x2d c:/st/stm32cubeide_1.12.1/stm32cubeide/plugins/com.st.stm32cube.ide.mcu.externaltools.gnu-tools-for-stm32.10.3-2021.10.win32_1.0.200.202301161003/tools/bin/../lib/gcc/arm-none-eabi/10.3.1/../../../../arm-none-eabi/lib/thumb/v7-m/nofp\libc_nano.a(lib_a-init.o)
 .ARM.attributes
                0x0000000000000827       0x2d c:/st/stm32cubeide_1.12.1/stm32cubeide/plugins/com.st.stm32cube.ide.mcu.externaltools.gnu-tools-for-stm32.10.3-2021.10.win32_1.0.200.202301161003/tools/bin/../lib/gcc/arm-none-eabi/10.3.1/../../../../arm-none-eabi/lib/thumb/v7-m/nofp\libc_nano.a(lib_a-malloc.o)
 .ARM.attributes
                0x0000000000000854       0x2d c:/st/stm32cubeide_1.12.1/stm32cubeide/plugins/com.st.stm32cube.ide.mcu.externaltools.gnu-tools-for-stm32.10.3-2021.10.win32_1.0.200.202301161003/tools/bin/../lib/gcc/arm-none-eabi/10.3.1/../../../../arm-none-eabi/lib/thumb/v7-m/nofp\libc_nano.a(lib_a-memset.o)
 .ARM.attributes
                0x0000000000000881       0x2d c:/st/stm32cubeide_1.12.1/stm32cubeide/plugins/com.st.stm32cube.ide.mcu.externaltools.gnu-tools-for-stm32.10.3-2021.10.win32_1.0.200.202301161003/tools/bin/../lib/gcc/arm-none-eabi/10.3.1/../../../../arm-none-eabi/lib/thumb/v7-m/nofp\libc_nano.a(lib_a-nano-freer.o)
 .ARM.attributes
                0x00000000000008ae       0x2d c:/st/stm32cubeide_1.12.1/stm32cubeide/plugins/com.st.stm32cube.ide.mcu.externaltools.gnu-tools-for-stm32.10.3-2021.10.win32_1.0.200.202301161003/tools/bin/../lib/gcc/arm-none-eabi/10.3.1/../../../../arm-none-eabi/lib/thumb/v7-m/nofp\libc_nano.a(lib_a-nano-mallocr.o)
 .ARM.attributes
                0x00000000000008db       0x2d c:/st/stm32cubeide_1.12.1/stm32cubeide/plugins/com.st.stm32cube.ide.mcu.externaltools.gnu-tools-for-stm32.10.3-2021.10.win32_1.0.200.202301161003/tools/bin/../lib/gcc/arm-none-eabi/10.3.1/../../../../arm-none-eabi/lib/thumb/v7-m/nofp\libc_nano.a(lib_a-sbrkr.o)
 .ARM.attributes
                0x0000000000000908       0x2d c:/st/stm32cubeide_1.12.1/stm32cubeide/plugins/com.st.stm32cube.ide.mcu.externaltools.gnu-tools-for-stm32.10.3-2021.10.win32_1.0.200.202301161003/tools/bin/../lib/gcc/arm-none-eabi/10.3.1/../../../../arm-none-eabi/lib/thumb/v7-m/nofp\libc_nano.a(lib_a-signal.o)
 .ARM.attributes
                0x0000000000000935       0x2d c:/st/stm32cubeide_1.12.1/stm32cubeide/plugins/com.st.stm32cube.ide.mcu.externaltools.gnu-tools-for-stm32.10.3-2021.10.win32_1.0.200.202301161003/tools/bin/../lib/gcc/arm-none-eabi/10.3.1/../../../../arm-none-eabi/lib/thumb/v7-m/nofp\libc_nano.a(lib_a-signalr.o)
 .ARM.attributes
                0x0000000000000962       0x2d c:/st/stm32cubeide_1.12.1/stm32cubeide/plugins/com.st.stm32cube.ide.mcu.externaltools.gnu-tools-for-stm32.10.3-2021.10.win32_1.0.200.202301161003/tools/bin/../lib/gcc/arm-none-eabi/10.3.1/../../../../arm-none-eabi/lib/thumb/v7-m/nofp\libc_nano.a(lib_a-strcpy.o)
 .ARM.attributes
                0x000000000000098f       0x2d c:/st/stm32cubeide_1.12.1/stm32cubeide/plugins/com.st.stm32cube.ide.mcu.externaltools.gnu-tools-for-stm32.10.3-2021.10.win32_1.0.200.202301161003/tools/bin/../lib/gcc/arm-none-eabi/10.3.1/../../../../arm-none-eabi/lib/thumb/v7-m/nofp\libc_nano.a(lib_a-mlock.o)
 .ARM.attributes
                0x00000000000009bc       0x2d c:/st/stm32cubeide_1.12.1/stm32cubeide/plugins/com.st.stm32cube.ide.mcu.externaltools.gnu-tools-for-stm32.10.3-2021.10.win32_1.0.200.202301161003/tools/bin/../lib/gcc/arm-none-eabi/10.3.1/../../../../arm-none-eabi/lib/thumb/v7-m/nofp\libc_nano.a(lib_a-reent.o)
 .ARM.attributes
                0x00000000000009e9       0x2d c:/st/stm32cubeide_1.12.1/stm32cubeide/plugins/com.st.stm32cube.ide.mcu.externaltools.gnu-tools-for-stm32.10.3-2021.10.win32_1.0.200.202301161003/tools/bin/../lib/gcc/arm-none-eabi/10.3.1/../../../../arm-none-eabi/lib/thumb/v7-m/nofp\libc_nano.a(lib_a-lock.o)
 .ARM.attributes
                0x0000000000000a16       0x1d c:/st/stm32cubeide_1.12.1/stm32cubeide/plugins/com.st.stm32cube.ide.mcu.externaltools.gnu-tools-for-stm32.10.3-2021.10.win32_1.0.200.202301161003/tools/bin/../lib/gcc/arm-none-eabi/10.3.1/thumb/v7-m/nofp/crtn.o
OUTPUT(TracPaceCar.elf elf32-littlearm)
LOAD linker stubs
LOAD c:/st/stm32cubeide_1.12.1/stm32cubeide/plugins/com.st.stm32cube.ide.mcu.externaltools.gnu-tools-for-stm32.10.3-2021.10.win32_1.0.200.202301161003/tools/bin/../lib/gcc/arm-none-eabi/10.3.1/../../../../arm-none-eabi/lib/thumb/v7-m/nofp\libc.a
LOAD c:/st/stm32cubeide_1.12.1/stm32cubeide/plugins/com.st.stm32cube.ide.mcu.externaltools.gnu-tools-for-stm32.10.3-2021.10.win32_1.0.200.202301161003/tools/bin/../lib/gcc/arm-none-eabi/10.3.1/../../../../arm-none-eabi/lib/thumb/v7-m/nofp\libm.a
LOAD c:/st/stm32cubeide_1.12.1/stm32cubeide/plugins/com.st.stm32cube.ide.mcu.externaltools.gnu-tools-for-stm32.10.3-2021.10.win32_1.0.200.202301161003/tools/bin/../lib/gcc/arm-none-eabi/10.3.1/thumb/v7-m/nofp\libgcc.a

.debug_info     0x0000000000000000    0x12ca5
 .debug_info    0x0000000000000000       0xac ./Application/Src/control.o
 .debug_info    0x00000000000000ac      0x35a ./Application/Src/eeprom.o
 .debug_info    0x0000000000000406      0x263 ./Application/Src/input.o
 .debug_info    0x0000000000000669       0x60 ./Application/Src/signal.o
 .debug_info    0x00000000000006c9      0x2c2 ./Application/Src/display/display.o
 .debug_info    0x000000000000098b      0x2f0 ./Application/Src/display/screens.o
 .debug_info    0x0000000000000c7b      0x40d ./Application/Src/display/options/action.o
 .debug_info    0x0000000000001088      0x771 ./Application/Src/display/screens/scroll.o
 .debug_info    0x00000000000017f9      0x24b ./Application/Src/display/templates/option.o
 .debug_info    0x0000000000001a44      0x2f5 ./Application/Src/display/templates/screen.o
 .debug_info    0x0000000000001d39      0x12c ./Application/Src/display/templates/title.o
 .debug_info    0x0000000000001e65      0x3d7 ./Application/Src/display/titles/image.o
 .debug_info    0x000000000000223c      0x73d ./Application/Src/lib/i2c_eeprom.o
 .debug_info    0x0000000000002979     0x12d4 ./Application/Src/lib/ssd1306.o
 .debug_info    0x0000000000003c4d      0x128 ./Application/Src/lib/ssd1306_fonts.o
 .debug_info    0x0000000000003d75     0x17de ./Core/Src/main.o
 .debug_info    0x0000000000005553     0x14d1 ./Core/Src/stm32f1xx_hal_msp.o
 .debug_info    0x0000000000006a24      0x6ef ./Core/Src/stm32f1xx_it.o
 .debug_info    0x0000000000007113      0x6e0 ./Core/Src/syscalls.o
 .debug_info    0x00000000000077f3      0x171 ./Core/Src/sysmem.o
 .debug_info    0x0000000000007964      0x23d ./Core/Src/system_stm32f1xx.o
 .debug_info    0x0000000000007ba1       0x22 ./Core/Startup/startup_stm32f103c8tx.o
 .debug_info    0x0000000000007bc3      0x734 ./Drivers/STM32F1xx_HAL_Driver/Src/stm32f1xx_hal.o
 .debug_info    0x00000000000082f7      0xcfe ./Drivers/STM32F1xx_HAL_Driver/Src/stm32f1xx_hal_adc.o
 .debug_info    0x0000000000008ff5      0xb20 ./Drivers/STM32F1xx_HAL_Driver/Src/stm32f1xx_hal_cortex.o
 .debug_info    0x0000000000009b15      0x615 ./Drivers/STM32F1xx_HAL_Driver/Src/stm32f1xx_hal_gpio.o
 .debug_info    0x000000000000a12a     0x2761 ./Drivers/STM32F1xx_HAL_Driver/Src/stm32f1xx_hal_i2c.o
 .debug_info    0x000000000000c88b      0x865 ./Drivers/STM32F1xx_HAL_Driver/Src/stm32f1xx_hal_rcc.o
 .debug_info    0x000000000000d0f0      0x3e6 ./Drivers/STM32F1xx_HAL_Driver/Src/stm32f1xx_hal_rcc_ex.o
 .debug_info    0x000000000000d4d6     0x165d ./Drivers/STM32F1xx_HAL_Driver/Src/stm32f1xx_hal_spi.o
 .debug_info    0x000000000000eb33     0x2bab ./Drivers/STM32F1xx_HAL_Driver/Src/stm32f1xx_hal_tim.o
 .debug_info    0x00000000000116de     0x15c7 ./Drivers/STM32F1xx_HAL_Driver/Src/stm32f1xx_hal_tim_ex.o

.debug_abbrev   0x0000000000000000     0x3926
 .debug_abbrev  0x0000000000000000       0x5a ./Application/Src/control.o
 .debug_abbrev  0x000000000000005a      0x1b6 ./Application/Src/eeprom.o
 .debug_abbrev  0x0000000000000210      0x168 ./Application/Src/input.o
 .debug_abbrev  0x0000000000000378       0x31 ./Application/Src/signal.o
 .debug_abbrev  0x00000000000003a9      0x180 ./Application/Src/display/display.o
 .debug_abbrev  0x0000000000000529      0x13f ./Application/Src/display/screens.o
 .debug_abbrev  0x0000000000000668      0x225 ./Application/Src/display/options/action.o
 .debug_abbrev  0x000000000000088d      0x370 ./Application/Src/display/screens/scroll.o
 .debug_abbrev  0x0000000000000bfd      0x18f ./Application/Src/display/templates/option.o
 .debug_abbrev  0x0000000000000d8c      0x1fc ./Application/Src/display/templates/screen.o
 .debug_abbrev  0x0000000000000f88      0x106 ./Application/Src/display/templates/title.o
 .debug_abbrev  0x000000000000108e      0x235 ./Application/Src/display/titles/image.o
 .debug_abbrev  0x00000000000012c3      0x172 ./Application/Src/lib/i2c_eeprom.o
 .debug_abbrev  0x0000000000001435      0x34f ./Application/Src/lib/ssd1306.o
 .debug_abbrev  0x0000000000001784       0xad ./Application/Src/lib/ssd1306_fonts.o
 .debug_abbrev  0x0000000000001831      0x310 ./Core/Src/main.o
 .debug_abbrev  0x0000000000001b41      0x203 ./Core/Src/stm32f1xx_hal_msp.o
 .debug_abbrev  0x0000000000001d44      0x184 ./Core/Src/stm32f1xx_it.o
 .debug_abbrev  0x0000000000001ec8      0x1b3 ./Core/Src/syscalls.o
 .debug_abbrev  0x000000000000207b       0xbb ./Core/Src/sysmem.o
 .debug_abbrev  0x0000000000002136      0x13b ./Core/Src/system_stm32f1xx.o
 .debug_abbrev  0x0000000000002271       0x12 ./Core/Startup/startup_stm32f103c8tx.o
 .debug_abbrev  0x0000000000002283      0x1fb ./Drivers/STM32F1xx_HAL_Driver/Src/stm32f1xx_hal.o
 .debug_abbrev  0x000000000000247e      0x210 ./Drivers/STM32F1xx_HAL_Driver/Src/stm32f1xx_hal_adc.o
 .debug_abbrev  0x000000000000268e      0x2ed ./Drivers/STM32F1xx_HAL_Driver/Src/stm32f1xx_hal_cortex.o
 .debug_abbrev  0x000000000000297b      0x1bb ./Drivers/STM32F1xx_HAL_Driver/Src/stm32f1xx_hal_gpio.o
 .debug_abbrev  0x0000000000002b36      0x288 ./Drivers/STM32F1xx_HAL_Driver/Src/stm32f1xx_hal_i2c.o
 .debug_abbrev  0x0000000000002dbe      0x2a8 ./Drivers/STM32F1xx_HAL_Driver/Src/stm32f1xx_hal_rcc.o
 .debug_abbrev  0x0000000000003066      0x182 ./Drivers/STM32F1xx_HAL_Driver/Src/stm32f1xx_hal_rcc_ex.o
 .debug_abbrev  0x00000000000031e8      0x26e ./Drivers/STM32F1xx_HAL_Driver/Src/stm32f1xx_hal_spi.o
 .debug_abbrev  0x0000000000003456      0x264 ./Drivers/STM32F1xx_HAL_Driver/Src/stm32f1xx_hal_tim.o
 .debug_abbrev  0x00000000000036ba      0x26c ./Drivers/STM32F1xx_HAL_Driver/Src/stm32f1xx_hal_tim_ex.o

.debug_aranges  0x0000000000000000     0x13c8
 .debug_aranges
                0x0000000000000000       0x28 ./Application/Src/control.o
 .debug_aranges
                0x0000000000000028       0x58 ./Application/Src/eeprom.o
 .debug_aranges
                0x0000000000000080       0x28 ./Application/Src/input.o
 .debug_aranges
                0x00000000000000a8       0x30 ./Application/Src/signal.o
 .debug_aranges
                0x00000000000000d8       0x40 ./Application/Src/display/display.o
 .debug_aranges
                0x0000000000000118       0x20 ./Application/Src/display/screens.o
 .debug_aranges
                0x0000000000000138       0x30 ./Application/Src/display/options/action.o
 .debug_aranges
                0x0000000000000168       0x68 ./Application/Src/display/screens/scroll.o
 .debug_aranges
                0x00000000000001d0       0x28 ./Application/Src/display/templates/option.o
 .debug_aranges
                0x00000000000001f8       0x38 ./Application/Src/display/templates/screen.o
 .debug_aranges
                0x0000000000000230       0x28 ./Application/Src/display/templates/title.o
 .debug_aranges
                0x0000000000000258       0x40 ./Application/Src/display/titles/image.o
 .debug_aranges
                0x0000000000000298       0x30 ./Application/Src/lib/i2c_eeprom.o
 .debug_aranges
                0x00000000000002c8       0xe8 ./Application/Src/lib/ssd1306.o
 .debug_aranges
                0x00000000000003b0       0x18 ./Application/Src/lib/ssd1306_fonts.o
 .debug_aranges
                0x00000000000003c8       0x80 ./Core/Src/main.o
 .debug_aranges
                0x0000000000000448       0x68 ./Core/Src/stm32f1xx_hal_msp.o
 .debug_aranges
                0x00000000000004b0       0x68 ./Core/Src/stm32f1xx_it.o
 .debug_aranges
                0x0000000000000518       0xa8 ./Core/Src/syscalls.o
 .debug_aranges
                0x00000000000005c0       0x20 ./Core/Src/sysmem.o
 .debug_aranges
                0x00000000000005e0       0x28 ./Core/Src/system_stm32f1xx.o
 .debug_aranges
                0x0000000000000608       0x28 ./Core/Startup/startup_stm32f103c8tx.o
 .debug_aranges
                0x0000000000000630       0xe0 ./Drivers/STM32F1xx_HAL_Driver/Src/stm32f1xx_hal.o
 .debug_aranges
                0x0000000000000710       0xf0 ./Drivers/STM32F1xx_HAL_Driver/Src/stm32f1xx_hal_adc.o
 .debug_aranges
                0x0000000000000800      0x100 ./Drivers/STM32F1xx_HAL_Driver/Src/stm32f1xx_hal_cortex.o
 .debug_aranges
                0x0000000000000900       0x58 ./Drivers/STM32F1xx_HAL_Driver/Src/stm32f1xx_hal_gpio.o
 .debug_aranges
                0x0000000000000958      0x2a8 ./Drivers/STM32F1xx_HAL_Driver/Src/stm32f1xx_hal_i2c.o
 .debug_aranges
                0x0000000000000c00       0x90 ./Drivers/STM32F1xx_HAL_Driver/Src/stm32f1xx_hal_rcc.o
 .debug_aranges
                0x0000000000000c90       0x30 ./Drivers/STM32F1xx_HAL_Driver/Src/stm32f1xx_hal_rcc_ex.o
 .debug_aranges
                0x0000000000000cc0      0x1d0 ./Drivers/STM32F1xx_HAL_Driver/Src/stm32f1xx_hal_spi.o
 .debug_aranges
                0x0000000000000e90      0x3d0 ./Drivers/STM32F1xx_HAL_Driver/Src/stm32f1xx_hal_tim.o
 .debug_aranges
                0x0000000000001260      0x168 ./Drivers/STM32F1xx_HAL_Driver/Src/stm32f1xx_hal_tim_ex.o

.debug_ranges   0x0000000000000000     0x11e0
 .debug_ranges  0x0000000000000000       0x18 ./Application/Src/control.o
 .debug_ranges  0x0000000000000018       0x48 ./Application/Src/eeprom.o
 .debug_ranges  0x0000000000000060       0x18 ./Application/Src/input.o
 .debug_ranges  0x0000000000000078       0x20 ./Application/Src/signal.o
 .debug_ranges  0x0000000000000098       0x30 ./Application/Src/display/display.o
 .debug_ranges  0x00000000000000c8       0x10 ./Application/Src/display/screens.o
 .debug_ranges  0x00000000000000d8       0x20 ./Application/Src/display/options/action.o
 .debug_ranges  0x00000000000000f8       0x58 ./Application/Src/display/screens/scroll.o
 .debug_ranges  0x0000000000000150       0x18 ./Application/Src/display/templates/option.o
 .debug_ranges  0x0000000000000168       0x28 ./Application/Src/display/templates/screen.o
 .debug_ranges  0x0000000000000190       0x18 ./Application/Src/display/templates/title.o
 .debug_ranges  0x00000000000001a8       0x30 ./Application/Src/display/titles/image.o
 .debug_ranges  0x00000000000001d8       0x20 ./Application/Src/lib/i2c_eeprom.o
 .debug_ranges  0x00000000000001f8       0xd8 ./Application/Src/lib/ssd1306.o
 .debug_ranges  0x00000000000002d0       0x70 ./Core/Src/main.o
 .debug_ranges  0x0000000000000340       0x58 ./Core/Src/stm32f1xx_hal_msp.o
 .debug_ranges  0x0000000000000398       0x58 ./Core/Src/stm32f1xx_it.o
 .debug_ranges  0x00000000000003f0       0x98 ./Core/Src/syscalls.o
 .debug_ranges  0x0000000000000488       0x10 ./Core/Src/sysmem.o
 .debug_ranges  0x0000000000000498       0x18 ./Core/Src/system_stm32f1xx.o
 .debug_ranges  0x00000000000004b0       0x20 ./Core/Startup/startup_stm32f103c8tx.o
 .debug_ranges  0x00000000000004d0       0xd0 ./Drivers/STM32F1xx_HAL_Driver/Src/stm32f1xx_hal.o
 .debug_ranges  0x00000000000005a0       0xe0 ./Drivers/STM32F1xx_HAL_Driver/Src/stm32f1xx_hal_adc.o
 .debug_ranges  0x0000000000000680       0xf0 ./Drivers/STM32F1xx_HAL_Driver/Src/stm32f1xx_hal_cortex.o
 .debug_ranges  0x0000000000000770       0x48 ./Drivers/STM32F1xx_HAL_Driver/Src/stm32f1xx_hal_gpio.o
 .debug_ranges  0x00000000000007b8      0x2b0 ./Drivers/STM32F1xx_HAL_Driver/Src/stm32f1xx_hal_i2c.o
 .debug_ranges  0x0000000000000a68       0x80 ./Drivers/STM32F1xx_HAL_Driver/Src/stm32f1xx_hal_rcc.o
 .debug_ranges  0x0000000000000ae8       0x20 ./Drivers/STM32F1xx_HAL_Driver/Src/stm32f1xx_hal_rcc_ex.o
 .debug_ranges  0x0000000000000b08      0x1c0 ./Drivers/STM32F1xx_HAL_Driver/Src/stm32f1xx_hal_spi.o
 .debug_ranges  0x0000000000000cc8      0x3c0 ./Drivers/STM32F1xx_HAL_Driver/Src/stm32f1xx_hal_tim.o
 .debug_ranges  0x0000000000001088      0x158 ./Drivers/STM32F1xx_HAL_Driver/Src/stm32f1xx_hal_tim_ex.o

.debug_macro    0x0000000000000000    0x1d455
 .debug_macro   0x0000000000000000       0xcb ./Application/Src/control.o
 .debug_macro   0x00000000000000cb      0xa6c ./Application/Src/control.o
 .debug_macro   0x0000000000000b37       0x10 ./Application/Src/control.o
 .debug_macro   0x0000000000000b47       0x22 ./Application/Src/control.o
 .debug_macro   0x0000000000000b69       0x4c ./Application/Src/control.o
 .debug_macro   0x0000000000000bb5       0x18 ./Application/Src/control.o
 .debug_macro   0x0000000000000bcd       0x94 ./Application/Src/control.o
 .debug_macro   0x0000000000000c61       0x3c ./Application/Src/control.o
 .debug_macro   0x0000000000000c9d      0x103 ./Application/Src/control.o
 .debug_macro   0x0000000000000da0       0x3a ./Application/Src/control.o
 .debug_macro   0x0000000000000dda       0x57 ./Application/Src/control.o
 .debug_macro   0x0000000000000e31       0x6a ./Application/Src/control.o
 .debug_macro   0x0000000000000e9b      0x1df ./Application/Src/control.o
 .debug_macro   0x000000000000107a       0x82 ./Application/Src/control.o
 .debug_macro   0x00000000000010fc      0x460 ./Application/Src/control.o
 .debug_macro   0x000000000000155c       0x10 ./Application/Src/control.o
 .debug_macro   0x000000000000156c      0x2f6 ./Application/Src/eeprom.o
 .debug_macro   0x0000000000001862       0x28 ./Application/Src/eeprom.o
 .debug_macro   0x000000000000188a      0x227 ./Application/Src/eeprom.o
 .debug_macro   0x0000000000001ab1       0x2e ./Application/Src/eeprom.o
 .debug_macro   0x0000000000001adf       0x22 ./Application/Src/eeprom.o
 .debug_macro   0x0000000000001b01       0x1c ./Application/Src/eeprom.o
 .debug_macro   0x0000000000001b1d       0x22 ./Application/Src/eeprom.o
 .debug_macro   0x0000000000001b3f       0xbd ./Application/Src/eeprom.o
 .debug_macro   0x0000000000001bfc      0xd23 ./Application/Src/eeprom.o
 .debug_macro   0x000000000000291f     0xe09e ./Application/Src/eeprom.o
 .debug_macro   0x00000000000109bd       0x6d ./Application/Src/eeprom.o
 .debug_macro   0x0000000000010a2a     0x348d ./Application/Src/eeprom.o
 .debug_macro   0x0000000000013eb7      0x104 ./Application/Src/eeprom.o
 .debug_macro   0x0000000000013fbb       0x5c ./Application/Src/eeprom.o
 .debug_macro   0x0000000000014017      0x5bc ./Application/Src/eeprom.o
 .debug_macro   0x00000000000145d3      0x289 ./Application/Src/eeprom.o
 .debug_macro   0x000000000001485c      0x1cb ./Application/Src/eeprom.o
 .debug_macro   0x0000000000014a27      0x114 ./Application/Src/eeprom.o
 .debug_macro   0x0000000000014b3b      0x1b2 ./Application/Src/eeprom.o
 .debug_macro   0x0000000000014ced       0x27 ./Application/Src/eeprom.o
 .debug_macro   0x0000000000014d14      0x136 ./Application/Src/eeprom.o
 .debug_macro   0x0000000000014e4a      0x1bc ./Application/Src/eeprom.o
 .debug_macro   0x0000000000015006       0x34 ./Application/Src/eeprom.o
 .debug_macro   0x000000000001503a       0x3c ./Application/Src/eeprom.o
 .debug_macro   0x0000000000015076       0x57 ./Application/Src/eeprom.o
 .debug_macro   0x00000000000150cd      0x46a ./Application/Src/eeprom.o
 .debug_macro   0x0000000000015537      0x1b5 ./Application/Src/eeprom.o
 .debug_macro   0x00000000000156ec       0x87 ./Application/Src/eeprom.o
 .debug_macro   0x0000000000015773      0x240 ./Application/Src/eeprom.o
 .debug_macro   0x00000000000159b3      0x287 ./Application/Src/eeprom.o
 .debug_macro   0x0000000000015c3a      0x140 ./Application/Src/eeprom.o
 .debug_macro   0x0000000000015d7a      0x217 ./Application/Src/eeprom.o
 .debug_macro   0x0000000000015f91      0x8ed ./Application/Src/eeprom.o
 .debug_macro   0x000000000001687e       0x83 ./Application/Src/eeprom.o
 .debug_macro   0x0000000000016901       0xd0 ./Application/Src/eeprom.o
 .debug_macro   0x00000000000169d1       0x16 ./Application/Src/eeprom.o
 .debug_macro   0x00000000000169e7       0x43 ./Application/Src/eeprom.o
 .debug_macro   0x0000000000016a2a       0x34 ./Application/Src/eeprom.o
 .debug_macro   0x0000000000016a5e       0x10 ./Application/Src/eeprom.o
 .debug_macro   0x0000000000016a6e       0x58 ./Application/Src/eeprom.o
 .debug_macro   0x0000000000016ac6       0x71 ./Application/Src/eeprom.o
 .debug_macro   0x0000000000016b37       0x1c ./Application/Src/eeprom.o
 .debug_macro   0x0000000000016b53      0x12a ./Application/Src/eeprom.o
 .debug_macro   0x0000000000016c7d      0x341 ./Application/Src/eeprom.o
 .debug_macro   0x0000000000016fbe       0x10 ./Application/Src/eeprom.o
 .debug_macro   0x0000000000016fce       0x35 ./Application/Src/eeprom.o
 .debug_macro   0x0000000000017003       0x20 ./Application/Src/eeprom.o
 .debug_macro   0x0000000000017023       0x16 ./Application/Src/eeprom.o
 .debug_macro   0x0000000000017039       0x16 ./Application/Src/eeprom.o
 .debug_macro   0x000000000001704f       0x29 ./Application/Src/eeprom.o
 .debug_macro   0x0000000000017078      0x2c0 ./Application/Src/input.o
 .debug_macro   0x0000000000017338       0x8e ./Application/Src/input.o
 .debug_macro   0x00000000000173c6       0x51 ./Application/Src/input.o
 .debug_macro   0x0000000000017417      0x174 ./Application/Src/input.o